Component: ARM Compiler 5.06 update 6 (build 750) Tool: armlink [4d35ed]

==============================================================================

Section Cross References

    stm32f1xx_hal.o(i.HAL_DeInit) refers to stm32f1xx_hal.o(i.HAL_MspDeInit) for HAL_MspDeInit
    stm32f1xx_hal.o(i.HAL_Delay) refers to stm32f1xx_hal.o(i.HAL_GetTick) for HAL_GetTick
    stm32f1xx_hal.o(i.HAL_Delay) refers to stm32f1xx_hal.o(.data) for uwTickFreq
    stm32f1xx_hal.o(i.HAL_GetTick) refers to stm32f1xx_hal.o(.data) for uwTick
    stm32f1xx_hal.o(i.HAL_GetTickFreq) refers to stm32f1xx_hal.o(.data) for uwTickFreq
    stm32f1xx_hal.o(i.HAL_GetTickPrio) refers to stm32f1xx_hal.o(.data) for uwTickPrio
    stm32f1xx_hal.o(i.HAL_IncTick) refers to stm32f1xx_hal.o(.data) for uwTick
    stm32f1xx_hal.o(i.HAL_Init) refers to stm32f1xx_hal_cortex.o(i.HAL_NVIC_SetPriorityGrouping) for HAL_NVIC_SetPriorityGrouping
    stm32f1xx_hal.o(i.HAL_Init) refers to stm32f1xx_hal_timebase_tim.o(i.HAL_InitTick) for HAL_InitTick
    stm32f1xx_hal.o(i.HAL_Init) refers to stm32f1xx_hal_msp.o(i.HAL_MspInit) for HAL_MspInit
    stm32f1xx_hal.o(i.HAL_InitTick) refers to stm32f1xx_hal_cortex.o(i.HAL_SYSTICK_Config) for HAL_SYSTICK_Config
    stm32f1xx_hal.o(i.HAL_InitTick) refers to stm32f1xx_hal_cortex.o(i.HAL_NVIC_SetPriority) for HAL_NVIC_SetPriority
    stm32f1xx_hal.o(i.HAL_InitTick) refers to stm32f1xx_hal.o(.data) for uwTickFreq
    stm32f1xx_hal.o(i.HAL_InitTick) refers to system_stm32f1xx.o(.data) for SystemCoreClock
    stm32f1xx_hal.o(i.HAL_SetTickFreq) refers to stm32f1xx_hal_timebase_tim.o(i.HAL_InitTick) for HAL_InitTick
    stm32f1xx_hal.o(i.HAL_SetTickFreq) refers to stm32f1xx_hal.o(.data) for uwTickFreq
    stm32f1xx_hal_cortex.o(i.HAL_NVIC_GetPriorityGrouping) refers to stm32f1xx_hal_cortex.o(i.__NVIC_GetPriorityGrouping) for __NVIC_GetPriorityGrouping
    stm32f1xx_hal_cortex.o(i.HAL_NVIC_SetPriority) refers to stm32f1xx_hal_cortex.o(i.__NVIC_GetPriorityGrouping) for __NVIC_GetPriorityGrouping
    stm32f1xx_hal_cortex.o(i.HAL_NVIC_SetPriority) refers to stm32f1xx_hal_cortex.o(i.__NVIC_SetPriority) for __NVIC_SetPriority
    stm32f1xx_hal_cortex.o(i.HAL_SYSTICK_Config) refers to stm32f1xx_hal_cortex.o(i.__NVIC_SetPriority) for __NVIC_SetPriority
    stm32f1xx_hal_cortex.o(i.HAL_SYSTICK_IRQHandler) refers to stm32f1xx_hal_cortex.o(i.HAL_SYSTICK_Callback) for HAL_SYSTICK_Callback
    stm32f1xx_hal_dma.o(i.HAL_DMA_PollForTransfer) refers to stm32f1xx_hal.o(i.HAL_GetTick) for HAL_GetTick
    stm32f1xx_hal_dma.o(i.HAL_DMA_Start) refers to stm32f1xx_hal_dma.o(i.DMA_SetConfig) for DMA_SetConfig
    stm32f1xx_hal_dma.o(i.HAL_DMA_Start_IT) refers to stm32f1xx_hal_dma.o(i.DMA_SetConfig) for DMA_SetConfig
    stm32f1xx_hal_flash.o(i.FLASH_Program_HalfWord) refers to stm32f1xx_hal_flash.o(.bss) for pFlash
    stm32f1xx_hal_flash.o(i.FLASH_SetErrorCode) refers to stm32f1xx_hal_flash.o(.bss) for pFlash
    stm32f1xx_hal_flash.o(i.FLASH_WaitForLastOperation) refers to stm32f1xx_hal.o(i.HAL_GetTick) for HAL_GetTick
    stm32f1xx_hal_flash.o(i.FLASH_WaitForLastOperation) refers to stm32f1xx_hal_flash.o(i.FLASH_SetErrorCode) for FLASH_SetErrorCode
    stm32f1xx_hal_flash.o(i.HAL_FLASH_GetError) refers to stm32f1xx_hal_flash.o(.bss) for pFlash
    stm32f1xx_hal_flash.o(i.HAL_FLASH_IRQHandler) refers to stm32f1xx_hal_flash.o(i.FLASH_SetErrorCode) for FLASH_SetErrorCode
    stm32f1xx_hal_flash.o(i.HAL_FLASH_IRQHandler) refers to stm32f1xx_hal_flash.o(i.HAL_FLASH_OperationErrorCallback) for HAL_FLASH_OperationErrorCallback
    stm32f1xx_hal_flash.o(i.HAL_FLASH_IRQHandler) refers to stm32f1xx_hal_flash.o(i.HAL_FLASH_EndOfOperationCallback) for HAL_FLASH_EndOfOperationCallback
    stm32f1xx_hal_flash.o(i.HAL_FLASH_IRQHandler) refers to stm32f1xx_hal_flash_ex.o(i.FLASH_PageErase) for FLASH_PageErase
    stm32f1xx_hal_flash.o(i.HAL_FLASH_IRQHandler) refers to stm32f1xx_hal_flash.o(i.FLASH_Program_HalfWord) for FLASH_Program_HalfWord
    stm32f1xx_hal_flash.o(i.HAL_FLASH_IRQHandler) refers to stm32f1xx_hal_flash.o(.bss) for pFlash
    stm32f1xx_hal_flash.o(i.HAL_FLASH_OB_Launch) refers to stm32f1xx_hal_cortex.o(i.HAL_NVIC_SystemReset) for HAL_NVIC_SystemReset
    stm32f1xx_hal_flash.o(i.HAL_FLASH_Program) refers to stm32f1xx_hal_flash.o(i.FLASH_WaitForLastOperation) for FLASH_WaitForLastOperation
    stm32f1xx_hal_flash.o(i.HAL_FLASH_Program) refers to llushr.o(.text) for __aeabi_llsr
    stm32f1xx_hal_flash.o(i.HAL_FLASH_Program) refers to stm32f1xx_hal_flash.o(i.FLASH_Program_HalfWord) for FLASH_Program_HalfWord
    stm32f1xx_hal_flash.o(i.HAL_FLASH_Program) refers to stm32f1xx_hal_flash.o(.bss) for pFlash
    stm32f1xx_hal_flash.o(i.HAL_FLASH_Program_IT) refers to stm32f1xx_hal_flash.o(i.FLASH_Program_HalfWord) for FLASH_Program_HalfWord
    stm32f1xx_hal_flash.o(i.HAL_FLASH_Program_IT) refers to stm32f1xx_hal_flash.o(.bss) for pFlash
    stm32f1xx_hal_flash_ex.o(i.FLASH_MassErase) refers to stm32f1xx_hal_flash.o(.bss) for pFlash
[...]
    ../clib/angel/sys.s                      0x00000000   Number         0  use_no_semi.o ABSOLUTE
    ../clib/angel/sys.s                      0x00000000   Number         0  libspace.o ABSOLUTE
    ../clib/angel/sys.s                      0x00000000   Number         0  indicate_semi.o ABSOLUTE
    ../clib/angel/sysapp.c                   0x00000000   Number         0  sys_wrch.o ABSOLUTE
    ../clib/angel/sysapp.c                   0x00000000   Number         0  sys_command.o ABSOLUTE
    ../clib/angel/sysapp.c                   0x00000000   Number         0  sys_exit.o ABSOLUTE
    ../clib/armsys.c                         0x00000000   Number         0  argv_veneer.o ABSOLUTE
    ../clib/armsys.c                         0x00000000   Number         0  no_argv.o ABSOLUTE
    ../clib/armsys.c                         0x00000000   Number         0  _get_argv_nomalloc.o ABSOLUTE
    ../clib/armsys.c                         0x00000000   Number         0  argv_veneer.o ABSOLUTE
    ../clib/heapalloc.c                      0x00000000   Number         0  hrguard.o ABSOLUTE
    ../clib/heapaux.c                        0x00000000   Number         0  heapauxi.o ABSOLUTE
    ../clib/libinit.s                        0x00000000   Number         0  libinit.o ABSOLUTE
    ../clib/libinit.s                        0x00000000   Number         0  libinit2.o ABSOLUTE
    ../clib/libinit.s                        0x00000000   Number         0  libshutdown2.o ABSOLUTE
    ../clib/libinit.s                        0x00000000   Number         0  libshutdown.o ABSOLUTE
    ../clib/longlong.s                       0x00000000   Number         0  llushr.o ABSOLUTE
    ../clib/memcpset.s                       0x00000000   Number         0  rt_memclr_w.o ABSOLUTE
    ../clib/signal.c                         0x00000000   Number         0  defsig_segv_inner.o ABSOLUTE
    ../clib/signal.c                         0x00000000   Number         0  defsig_cppl_inner.o ABSOLUTE
    ../clib/signal.c                         0x00000000   Number         0  defsig_general.o ABSOLUTE
    ../clib/signal.c                         0x00000000   Number         0  __raise.o ABSOLUTE
    ../clib/signal.c                         0x00000000   Number         0  defsig_pvfn_inner.o ABSOLUTE
    ../clib/signal.c                         0x00000000   Number         0  defsig_rtmem_inner.o ABSOLUTE
    ../clib/signal.c                         0x00000000   Number         0  defsig_rtmem_outer.o ABSOLUTE
    ../clib/signal.c                         0x00000000   Number         0  defsig_stak_inner.o ABSOLUTE
    ../clib/signal.c                         0x00000000   Number         0  defsig_rtred_inner.o ABSOLUTE
    ../clib/signal.c                         0x00000000   Number         0  defsig_fpe_inner.o ABSOLUTE
    ../clib/signal.c                         0x00000000   Number         0  defsig_other.o ABSOLUTE
    ../clib/signal.c                         0x00000000   Number         0  defsig_abrt_inner.o ABSOLUTE
    ../clib/signal.c                         0x00000000   Number         0  defsig_exit.o ABSOLUTE
    ../clib/signal.c                         0x00000000   Number         0  defsig_rtmem_formal.o ABSOLUTE
    ../clib/signal.s                         0x00000000   Number         0  defsig.o ABSOLUTE
    ../clib/stdlib.c                         0x00000000   Number         0  exit.o ABSOLUTE
    ../fplib/fpinit.s                        0x00000000   Number         0  fpinit.o ABSOLUTE
    ..\..\Source\Application\App_Boot.c      0x00000000   Number         0  app_boot.o ABSOLUTE
    ..\..\Source\BasicSoftware\ConfigCode\Src\dma.c 0x00000000   Number         0  dma.o ABSOLUTE
    ..\..\Source\BasicSoftware\ConfigCode\Src\gpio.c 0x00000000   Number         0  gpio.o ABSOLUTE
    ..\..\Source\BasicSoftware\ConfigCode\Src\main.c 0x00000000   Number         0  main.o ABSOLUTE
    ..\..\Source\BasicSoftware\ConfigCode\Src\stm32f1xx_hal_msp.c 0x00000000   Number         0  stm32f1xx_hal_msp.o ABSOLUTE
    ..\..\Source\BasicSoftware\ConfigCode\Src\stm32f1xx_hal_timebase_tim.c 0x00000000   Number         0  stm32f1xx_hal_timebase_tim.o ABSOLUTE
    ..\..\Source\BasicSoftware\ConfigCode\Src\stm32f1xx_it.c 0x00000000   Number         0  stm32f1xx_it.o ABSOLUTE
    ..\..\Source\BasicSoftware\ConfigCode\Src\system_stm32f1xx.c 0x00000000   Number         0  system_stm32f1xx.o ABSOLUTE
    ..\..\Source\BasicSoftware\ConfigCode\Src\tim.c 0x00000000   Number         0  tim.o ABSOLUTE
    ..\..\Source\BasicSoftware\ConfigCode\Src\usart.c 0x00000000   Number         0  usart.o ABSOLUTE
    ..\..\Source\BasicSoftware\Hal_Driver\Src\stm32f1xx_hal.c 0x00000000   Number         0  stm32f1xx_hal.o ABSOLUTE
    ..\..\Source\BasicSoftware\Hal_Driver\Src\stm32f1xx_hal_cortex.c 0x00000000   Number         0  stm32f1xx_hal_cortex.o ABSOLUTE
    ..\..\Source\BasicSoftware\Hal_Driver\Src\stm32f1xx_hal_dma.c 0x00000000   Number         0  stm32f1xx_hal_dma.o ABSOLUTE
    ..\..\Source\BasicSoftware\Hal_Driver\Src\stm32f1xx_hal_exti.c 0x00000000   Number         0  stm32f1xx_hal_exti.o ABSOLUTE
    ..\..\Source\BasicSoftware\Hal_Driver\Src\stm32f1xx_hal_flash.c 0x00000000   Number         0  stm32f1xx_hal_flash.o ABSOLUTE
    ..\..\Source\BasicSoftware\Hal_Driver\Src\stm32f1xx_hal_flash_ex.c 0x00000000   Number         0  stm32f1xx_hal_flash_ex.o ABSOLUTE
    ..\..\Source\BasicSoftware\Hal_Driver\Src\stm32f1xx_hal_gpio.c 0x00000000   Number         0  stm32f1xx_hal_gpio.o ABSOLUTE
    ..\..\Source\BasicSoftware\Hal_Driver\Src\stm32f1xx_hal_gpio_ex.c 0x00000000   Number         0  stm32f1xx_hal_gpio_ex.o ABSOLUTE
    ..\..\Source\BasicSoftware\Hal_Driver\Src\stm32f1xx_hal_pwr.c 0x00000000   Number         0  stm32f1xx_hal_pwr.o ABSOLUTE
    ..\..\Source\BasicSoftware\Hal_Driver\Src\stm32f1xx_hal_rcc.c 0x00000000   Number         0  stm32f1xx_hal_rcc.o ABSOLUTE
    ..\..\Source\BasicSoftware\Hal_Driver\Src\stm32f1xx_hal_rcc_ex.c 0x00000000   Number         0  stm32f1xx_hal_rcc_ex.o ABSOLUTE
    ..\..\Source\BasicSoftware\Hal_Driver\Src\stm32f1xx_hal_tim.c 0x00000000   Number         0  stm32f1xx_hal_tim.o ABSOLUTE
    ..\..\Source\BasicSoftware\Hal_Driver\Src\stm32f1xx_hal_tim_ex.c 0x00000000   Number         0  stm32f1xx_hal_tim_ex.o ABSOLUTE
    ..\..\Source\BasicSoftware\Hal_Driver\Src\stm32f1xx_hal_uart.c 0x00000000   Number         0  stm32f1xx_hal_uart.o ABSOLUTE
    ..\..\Source\BasicSoftware\Interface\Dio_UserIf.c 0x00000000   Number         0  dio_userif.o ABSOLUTE
    ..\..\Source\BasicSoftware\Interface\Flash_UserIf.c 0x00000000   Number         0  flash_userif.o ABSOLUTE
    ..\..\Source\BasicSoftware\Interface\Uart_UserIf.c 0x00000000   Number         0  uart_userif.o ABSOLUTE
    ..\..\Source\BasicSoftware\OS\OsTask.c   0x00000000   Number         0  ostask.o ABSOLUTE
    ..\..\Source\BasicSoftware\OS\OsTask_Cfg.c 0x00000000   Number         0  ostask_cfg.o ABSOLUTE
    ..\..\Source\BasicSoftware\OS\OsTimer.c  0x00000000   Number         0  ostimer.o ABSOLUTE
    ..\..\Source\Integration\Startup\startup_stm32f103xb.s 0x00000000   Number         0  startup_stm32f103xb.o ABSOLUTE
    ..\..\Source\Integration\UserCommon\UserPublic.c 0x00000000   Number         0  userpublic.o ABSOLUTE
    ..\\..\\Source\\Application\\App_Boot.c  0x00000000   Number         0  app_boot.o ABSOLUTE
    ..\\..\\Source\\BasicSoftware\\ConfigCode\\Src\\dma.c 0x00000000   Number         0  dma.o ABSOLUTE
    ..\\..\\Source\\BasicSoftware\\ConfigCode\\Src\\gpio.c 0x00000000   Number         0  gpio.o ABSOLUTE
    ..\\..\\Source\\BasicSoftware\\ConfigCode\\Src\\main.c 0x00000000   Number         0  main.o ABSOLUTE
    ..\\..\\Source\\BasicSoftware\\ConfigCode\\Src\\stm32f1xx_hal_msp.c 0x00000000   Number         0  stm32f1xx_hal_msp.o ABSOLUTE
    ..\\..\\Source\\BasicSoftware\\ConfigCode\\Src\\stm32f1xx_hal_timebase_tim.c 0x00000000   Number         0  stm32f1xx_hal_timebase_tim.o ABSOLUTE
    ..\\..\\Source\\BasicSoftware\\ConfigCode\\Src\\stm32f1xx_it.c 0x00000000   Number         0  stm32f1xx_it.o ABSOLUTE
    ..\\..\\Source\\BasicSoftware\\ConfigCode\\Src\\system_stm32f1xx.c 0x00000000   Number         0  system_stm32f1xx.o ABSOLUTE
    ..\\..\\Source\\BasicSoftware\\ConfigCode\\Src\\tim.c 0x00000000   Number         0  tim.o ABSOLUTE
    ..\\..\\Source\\BasicSoftware\\ConfigCode\\Src\\usart.c 0x00000000   Number         0  usart.o ABSOLUTE
    ..\\..\\Source\\BasicSoftware\\Hal_Driver\\Src\\stm32f1xx_hal.c 0x00000000   Number         0  stm32f1xx_hal.o ABSOLUTE
    ..\\..\\Source\\BasicSoftware\\Hal_Driver\\Src\\stm32f1xx_hal_cortex.c 0x00000000   Number         0  stm32f1xx_hal_cortex.o ABSOLUTE
    ..\\..\\Source\\BasicSoftware\\Hal_Driver\\Src\\stm32f1xx_hal_dma.c 0x00000000   Number         0  stm32f1xx_hal_dma.o ABSOLUTE
    ..\\..\\Source\\BasicSoftware\\Hal_Driver\\Src\\stm32f1xx_hal_exti.c 0x00000000   Number         0  stm32f1xx_hal_exti.o ABSOLUTE
    ..\\..\\Source\\BasicSoftware\\Hal_Driver\\Src\\stm32f1xx_hal_flash.c 0x00000000   Number         0  stm32f1xx_hal_flash.o ABSOLUTE
    ..\\..\\Source\\BasicSoftware\\Hal_Driver\\Src\\stm32f1xx_hal_flash_ex.c 0x00000000   Number         0  stm32f1xx_hal_flash_ex.o ABSOLUTE
    ..\\..\\Source\\BasicSoftware\\Hal_Driver\\Src\\stm32f1xx_hal_gpio.c 0x00000000   Number         0  stm32f1xx_hal_gpio.o ABSOLUTE
    ..\\..\\Source\\BasicSoftware\\Hal_Driver\\Src\\stm32f1xx_hal_gpio_ex.c 0x00000000   Number         0  stm32f1xx_hal_gpio_ex.o ABSOLUTE
    ..\\..\\Source\\BasicSoftware\\Hal_Driver\\Src\\stm32f1xx_hal_pwr.c 0x00000000   Number         0  stm32f1xx_hal_pwr.o ABSOLUTE
    ..\\..\\Source\\BasicSoftware\\Hal_Driver\\Src\\stm32f1xx_hal_rcc.c 0x00000000   Number         0  stm32f1xx_hal_rcc.o ABSOLUTE
    ..\\..\\Source\\BasicSoftware\\Hal_Driver\\Src\\stm32f1xx_hal_rcc_ex.c 0x00000000   Number         0  stm32f1xx_hal_rcc_ex.o ABSOLUTE
    ..\\..\\Source\\BasicSoftware\\Hal_Driver\\Src\\stm32f1xx_hal_tim.c 0x00000000   Number         0  stm32f1xx_hal_tim.o ABSOLUTE
    ..\\..\\Source\\BasicSoftware\\Hal_Driver\\Src\\stm32f1xx_hal_tim_ex.c 0x00000000   Number         0  stm32f1xx_hal_tim_ex.o ABSOLUTE
    ..\\..\\Source\\BasicSoftware\\Hal_Driver\\Src\\stm32f1xx_hal_uart.c 0x00000000   Number         0  stm32f1xx_hal_uart.o ABSOLUTE
    ..\\..\\Source\\BasicSoftware\\Interface\\Dio_UserIf.c 0x00000000   Number         0  dio_userif.o ABSOLUTE
    ..\\..\\Source\\BasicSoftware\\Interface\\Flash_UserIf.c 0x00000000   Number         0  flash_userif.o ABSOLUTE
    ..\\..\\Source\\BasicSoftware\\Interface\\Uart_UserIf.c 0x00000000   Number         0  uart_userif.o ABSOLUTE
    ..\\..\\Source\\BasicSoftware\\OS\\OsTask.c 0x00000000   Number         0  ostask.o ABSOLUTE
    ..\\..\\Source\\BasicSoftware\\OS\\OsTask_Cfg.c 0x00000000   Number         0  ostask_cfg.o ABSOLUTE
    ..\\..\\Source\\BasicSoftware\\OS\\OsTimer.c 0x00000000   Number         0  ostimer.o ABSOLUTE
    dc.s                                     0x00000000   Number         0  dc.o ABSOLUTE
    RESET                                    0x08000000   Section      236  startup_stm32f103xb.o(RESET)
    !!!main                                  0x080000ec   Section        8  __main.o(!!!main)
    !!!scatter                               0x080000f4   Section       52  __scatter.o(!!!scatter)
    !!handler_copy                           0x08000128   Section       26  __scatter_copy.o(!!handler_copy)
    !!handler_zi                             0x08000144   Section       28  __scatter_zi.o(!!handler_zi)
    .ARM.Collect$$libinit$$00000000          0x08000160   Section        2  libinit.o(.ARM.Collect$$libinit$$00000000)
    .ARM.Collect$$libinit$$00000002          0x08000162   Section        0  libinit2.o(.ARM.Collect$$libinit$$00000002)
    .ARM.Collect$$libinit$$00000004          0x08000162   Section        0  libinit2.o(.ARM.Collect$$libinit$$00000004)
    .ARM.Collect$$libinit$$0000000A          0x08000162   Section        0  libinit2.o(.ARM.Collect$$libinit$$0000000A)
    .ARM.Collect$$libinit$$0000000C          0x08000162   Section        0  libinit2.o(.ARM.Collect$$libinit$$0000000C)
    .ARM.Collect$$libinit$$0000000E          0x08000162   Section        0  libinit2.o(.ARM.Collect$$libinit$$0000000E)
    .ARM.Collect$$libinit$$00000011          0x08000162   Section        0  libinit2.o(.ARM.Collect$$libinit$$00000011)
    .ARM.Collect$$libinit$$00000013          0x08000162   Section        0  libinit2.o(.ARM.Collect$$libinit$$00000013)
    .ARM.Collect$$libinit$$00000015          0x08000162   Section        0  libinit2.o(.ARM.Collect$$libinit$$00000015)
    .ARM.Collect$$libinit$$00000017          0x08000162   Section        0  libinit2.o(.ARM.Collect$$libinit$$00000017)
    .ARM.Collect$$libinit$$00000019          0x08000162   Section        0  libinit2.o(.ARM.Collect$$libinit$$00000019)
    .ARM.Collect$$libinit$$0000001B          0x08000162   Section        0  libinit2.o(.ARM.Collect$$libinit$$0000001B)
    .ARM.Collect$$libinit$$0000001D          0x08000162   Section        0  libinit2.o(.ARM.Collect$$libinit$$0000001D)
    .ARM.Collect$$libinit$$0000001F          0x08000162   Section        0  libinit2.o(.ARM.Collect$$libinit$$0000001F)
    .ARM.Collect$$libinit$$00000021          0x08000162   Section        0  libinit2.o(.ARM.Collect$$libinit$$00000021)
    .ARM.Collect$$libinit$$00000023          0x08000162   Section        0  libinit2.o(.ARM.Collect$$libinit$$00000023)
    .ARM.Collect$$libinit$$00000025          0x08000162   Section        0  libinit2.o(.ARM.Collect$$libinit$$00000025)
    .ARM.Collect$$libinit$$0000002C          0x08000162   Section        0  libinit2.o(.ARM.Collect$$libinit$$0000002C)
    .ARM.Collect$$libinit$$0000002E          0x08000162   Section        0  libinit2.o(.ARM.Collect$$libinit$$0000002E)
    .ARM.Collect$$libinit$$00000030          0x08000162   Section        0  libinit2.o(.ARM.Collect$$libinit$$00000030)
    .ARM.Collect$$libinit$$00000032          0x08000162   Section        0  libinit2.o(.ARM.Collect$$libinit$$00000032)
    .ARM.Collect$$libinit$$00000033          0x08000162   Section        2  libinit2.o(.ARM.Collect$$libinit$$00000033)
    .ARM.Collect$$libshutdown$$00000000      0x08000164   Section        2  libshutdown.o(.ARM.Collect$$libshutdown$$00000000)
    .ARM.Collect$$libshutdown$$00000002      0x08000166   Section        0  libshutdown2.o(.ARM.Collect$$libshutdown$$00000002)
    .ARM.Collect$$libshutdown$$00000004      0x08000166   Section        0  libshutdown2.o(.ARM.Collect$$libshutdown$$00000004)
    .ARM.Collect$$libshutdown$$00000007      0x08000166   Section        0  libshutdown2.o(.ARM.Collect$$libshutdown$$00000007)
    .ARM.Collect$$libshutdown$$0000000A      0x08000166   Section        0  libshutdown2.o(.ARM.Collect$$libshutdown$$0000000A)
    .ARM.Collect$$libshutdown$$0000000C      0x08000166   Section        0  libshutdown2.o(.ARM.Collect$$libshutdown$$0000000C)
    .ARM.Collect$$libshutdown$$0000000F      0x08000166   Section        0  libshutdown2.o(.ARM.Collect$$libshutdown$$0000000F)
    .ARM.Collect$$libshutdown$$00000010      0x08000166   Section        2  libshutdown2.o(.ARM.Collect$$libshutdown$$00000010)
    .ARM.Collect$$rtentry$$00000000          0x08000168   Section        0  __rtentry.o(.ARM.Collect$$rtentry$$00000000)
    .ARM.Collect$$rtentry$$00000002          0x08000168   Section        0  __rtentry2.o(.ARM.Collect$$rtentry$$00000002)
    .ARM.Collect$$rtentry$$00000004          0x08000168   Section        6  __rtentry4.o(.ARM.Collect$$rtentry$$00000004)
    .ARM.Collect$$rtentry$$00000009          0x0800016e   Section        0  __rtentry2.o(.ARM.Collect$$rtentry$$00000009)
    .ARM.Collect$$rtentry$$0000000A          0x0800016e   Section        4  __rtentry2.o(.ARM.Collect$$rtentry$$0000000A)
    .ARM.Collect$$rtentry$$0000000C          0x08000172   Section        0  __rtentry2.o(.ARM.Collect$$rtentry$$0000000C)
    .ARM.Collect$$rtentry$$0000000D          0x08000172   Section        8  __rtentry2.o(.ARM.Collect$$rtentry$$0000000D)
    .ARM.Collect$$rtexit$$00000000           0x0800017a   Section        2  rtexit.o(.ARM.Collect$$rtexit$$00000000)
    .ARM.Collect$$rtexit$$00000002           0x0800017c   Section        0  rtexit2.o(.ARM.Collect$$rtexit$$00000002)
    .ARM.Collect$$rtexit$$00000003           0x0800017c   Section        4  rtexit2.o(.ARM.Collect$$rtexit$$00000003)
    .ARM.Collect$$rtexit$$00000004           0x08000180   Section        6  rtexit2.o(.ARM.Collect$$rtexit$$00000004)
    .text                                    0x08000188   Section       64  startup_stm32f103xb.o(.text)
    .text                                    0x080001c8   Section       78  rt_memclr_w.o(.text)
    .text                                    0x08000216   Section        0  heapauxi.o(.text)
    .text                                    0x0800021c   Section       74  sys_stackheap_outer.o(.text)
    .text                                    0x08000266   Section        0  exit.o(.text)
    .text                                    0x08000278   Section        8  libspace.o(.text)
    .text                                    0x08000280   Section        0  sys_exit.o(.text)
    .text                                    0x0800028c   Section        2  use_no_semi.o(.text)
    .text                                    0x0800028e   Section        0  indicate_semi.o(.text)
    i.ASW_Init                               0x0800028e   Section        0  ostask_cfg.o(i.ASW_Init)
    i.Asw_Callback_Receive_Uart1             0x08000290   Section        0  app_boot.o(i.Asw_Callback_Receive_Uart1)
    i.BSW_Init                               0x080002bc   Section        0  ostask_cfg.o(i.BSW_Init)
    i.BusFault_Handler                       0x080002cc   Section        0  stm32f1xx_it.o(i.BusFault_Handler)
    i.DMA1_Channel6_IRQHandler               0x080002d0   Section        0  stm32f1xx_it.o(i.DMA1_Channel6_IRQHandler)
    i.DMA1_Channel7_IRQHandler               0x080002e0   Section        0  stm32f1xx_it.o(i.DMA1_Channel7_IRQHandler)
    i.DMA_SetConfig                          0x080002f0   Section        0  stm32f1xx_hal_dma.o(i.DMA_SetConfig)
    DMA_SetConfig                            0x080002f1   Thumb Code    44  stm32f1xx_hal_dma.o(i.DMA_SetConfig)
    i.DebugMon_Handler                       0x0800031c   Section        0  stm32f1xx_it.o(i.DebugMon_Handler)
    i.DioIf_Init                             0x0800031e   Section        0  dio_userif.o(i.DioIf_Init)
    i.DioIf_TogglePin                        0x0800032c   Section        0  dio_userif.o(i.DioIf_TogglePin)
    i.DioIf_WritePin                         0x08000370   Section        0  dio_userif.o(i.DioIf_WritePin)
    i.Error_Handler                          0x080003d8   Section        0  main.o(i.Error_Handler)
    i.FlsIf_Init                             0x080003de   Section        0  flash_userif.o(i.FlsIf_Init)
    i.HAL_DMA_Abort                          0x080003e0   Section        0  stm32f1xx_hal_dma.o(i.HAL_DMA_Abort)
    i.HAL_DMA_Abort_IT                       0x08000438   Section        0  stm32f1xx_hal_dma.o(i.HAL_DMA_Abort_IT)
    i.HAL_DMA_IRQHandler                     0x080004e8   Section        0  stm32f1xx_hal_dma.o(i.HAL_DMA_IRQHandler)
    i.HAL_DMA_Init                           0x08000684   Section        0  stm32f1xx_hal_dma.o(i.HAL_DMA_Init)
    i.HAL_DMA_Start_IT                       0x080006ec   Section        0  stm32f1xx_hal_dma.o(i.HAL_DMA_Start_IT)
    i.HAL_GPIO_Init                          0x08000788   Section        0  stm32f1xx_hal_gpio.o(i.HAL_GPIO_Init)
    i.HAL_GPIO_TogglePin                     0x08000aa8   Section        0  stm32f1xx_hal_gpio.o(i.HAL_GPIO_TogglePin)
    i.HAL_GPIO_WritePin                      0x08000abc   Section        0  stm32f1xx_hal_gpio.o(i.HAL_GPIO_WritePin)
    i.HAL_GetTick                            0x08000ac8   Section        0  stm32f1xx_hal.o(i.HAL_GetTick)
    i.HAL_IncTick                            0x08000ad4   Section        0  stm32f1xx_hal.o(i.HAL_IncTick)
    i.HAL_Init                               0x08000aec   Section        0  stm32f1xx_hal.o(i.HAL_Init)
    i.HAL_InitTick                           0x08000b14   Section        0  stm32f1xx_hal_timebase_tim.o(i.HAL_InitTick)
    i.HAL_MspInit                            0x08000bc8   Section        0  stm32f1xx_hal_msp.o(i.HAL_MspInit)
    i.HAL_NVIC_EnableIRQ                     0x08000c1c   Section        0  stm32f1xx_hal_cortex.o(i.HAL_NVIC_EnableIRQ)
    i.HAL_NVIC_SetPriority                   0x08000c3c   Section        0  stm32f1xx_hal_cortex.o(i.HAL_NVIC_SetPriority)
    i.HAL_NVIC_SetPriorityGrouping           0x08000cb8   Section        0  stm32f1xx_hal_cortex.o(i.HAL_NVIC_SetPriorityGrouping)
    i.HAL_RCC_ClockConfig                    0x08000ce0   Section        0  stm32f1xx_hal_rcc.o(i.HAL_RCC_ClockConfig)
    i.HAL_RCC_GetClockConfig                 0x08000e6c   Section        0  stm32f1xx_hal_rcc.o(i.HAL_RCC_GetClockConfig)
    i.HAL_RCC_GetHCLKFreq                    0x08000eb0   Section        0  stm32f1xx_hal_rcc.o(i.HAL_RCC_GetHCLKFreq)
    i.HAL_RCC_GetPCLK1Freq                   0x08000ebc   Section        0  stm32f1xx_hal_rcc.o(i.HAL_RCC_GetPCLK1Freq)
    i.HAL_RCC_GetPCLK2Freq                   0x08000edc   Section        0  stm32f1xx_hal_rcc.o(i.HAL_RCC_GetPCLK2Freq)
    i.HAL_RCC_GetSysClockFreq                0x08000efc   Section        0  stm32f1xx_hal_rcc.o(i.HAL_RCC_GetSysClockFreq)
    i.HAL_RCC_OscConfig                      0x08000f6c   Section        0  stm32f1xx_hal_rcc.o(i.HAL_RCC_OscConfig)
    i.HAL_TIMEx_BreakCallback                0x080013d0   Section        0  stm32f1xx_hal_tim_ex.o(i.HAL_TIMEx_BreakCallback)
    i.HAL_TIMEx_CommutCallback               0x080013d2   Section        0  stm32f1xx_hal_tim_ex.o(i.HAL_TIMEx_CommutCallback)
    i.HAL_TIMEx_MasterConfigSynchronization  0x080013d4   Section        0  stm32f1xx_hal_tim_ex.o(i.HAL_TIMEx_MasterConfigSynchronization)
    i.HAL_TIM_Base_Init                      0x08001458   Section        0  stm32f1xx_hal_tim.o(i.HAL_TIM_Base_Init)
    i.HAL_TIM_Base_MspInit                   0x080014c0   Section        0  tim.o(i.HAL_TIM_Base_MspInit)
    i.HAL_TIM_Base_Start_IT                  0x08001504   Section        0  stm32f1xx_hal_tim.o(i.HAL_TIM_Base_Start_IT)
    i.HAL_TIM_ConfigClockSource              0x0800157c   Section        0  stm32f1xx_hal_tim.o(i.HAL_TIM_ConfigClockSource)
    i.HAL_TIM_IC_CaptureCallback             0x08001688   Section        0  stm32f1xx_hal_tim.o(i.HAL_TIM_IC_CaptureCallback)
    i.HAL_TIM_IRQHandler                     0x0800168a   Section        0  stm32f1xx_hal_tim.o(i.HAL_TIM_IRQHandler)
    i.HAL_TIM_OC_DelayElapsedCallback        0x080017f6   Section        0  stm32f1xx_hal_tim.o(i.HAL_TIM_OC_DelayElapsedCallback)
    i.HAL_TIM_PWM_PulseFinishedCallback      0x080017f8   Section        0  stm32f1xx_hal_tim.o(i.HAL_TIM_PWM_PulseFinishedCallback)
    i.HAL_TIM_PeriodElapsedCallback          0x080017fc   Section        0  main.o(i.HAL_TIM_PeriodElapsedCallback)
    i.HAL_TIM_TriggerCallback                0x08001814   Section        0  stm32f1xx_hal_tim.o(i.HAL_TIM_TriggerCallback)
    i.HAL_UARTEx_RxEventCallback             0x08001816   Section        0  stm32f1xx_hal_uart.o(i.HAL_UARTEx_RxEventCallback)
    i.HAL_UART_DMAStop                       0x08001818   Section        0  stm32f1xx_hal_uart.o(i.HAL_UART_DMAStop)
    i.HAL_UART_ErrorCallback                 0x080018a2   Section        0  stm32f1xx_hal_uart.o(i.HAL_UART_ErrorCallback)
    i.HAL_UART_IRQHandler                    0x080018a4   Section        0  stm32f1xx_hal_uart.o(i.HAL_UART_IRQHandler)
    i.HAL_UART_Init                          0x08001b88   Section        0  stm32f1xx_hal_uart.o(i.HAL_UART_Init)
    i.HAL_UART_MspInit                       0x08001c00   Section        0  usart.o(i.HAL_UART_MspInit)
    i.HAL_UART_Receive_DMA                   0x08001d08   Section        0  stm32f1xx_hal_uart.o(i.HAL_UART_Receive_DMA)
    i.HAL_UART_RxCpltCallback                0x08001d34   Section        0  stm32f1xx_hal_uart.o(i.HAL_UART_RxCpltCallback)
    i.HAL_UART_RxHalfCpltCallback            0x08001d36   Section        0  stm32f1xx_hal_uart.o(i.HAL_UART_RxHalfCpltCallback)
    i.HAL_UART_Transmit_DMA                  0x08001d38   Section        0  stm32f1xx_hal_uart.o(i.HAL_UART_Transmit_DMA)
    i.HAL_UART_TxCpltCallback                0x08001dc4   Section        0  stm32f1xx_hal_uart.o(i.HAL_UART_TxCpltCallback)
    i.HAL_UART_TxHalfCpltCallback            0x08001dc6   Section        0  stm32f1xx_hal_uart.o(i.HAL_UART_TxHalfCpltCallback)
    i.HardFault_Handler                      0x08001dc8   Section        0  stm32f1xx_it.o(i.HardFault_Handler)
    i.MX_DMA_Init                            0x08001dcc   Section        0  dma.o(i.MX_DMA_Init)
    i.MX_GPIO_Init                           0x08001e10   Section        0  gpio.o(i.MX_GPIO_Init)
    i.MX_TIM4_Init                           0x08001ea0   Section        0  tim.o(i.MX_TIM4_Init)
    i.MX_USART2_UART_Init                    0x08001f0c   Section        0  usart.o(i.MX_USART2_UART_Init)
    i.MemManage_Handler                      0x08001f44   Section        0  stm32f1xx_it.o(i.MemManage_Handler)
    i.NMI_Handler                            0x08001f48   Section        0  stm32f1xx_it.o(i.NMI_Handler)
    i.OSTask_Main                            0x08001f4c   Section        0  ostask.o(i.OSTask_Main)
    i.OsTask_Init                            0x08001f58   Section        0  ostask.o(i.OsTask_Init)
    OsTask_Init                              0x08001f59   Thumb Code    50  ostask.o(i.OsTask_Init)
    i.OsTask_Schedule                        0x08001f90   Section        0  ostask.o(i.OsTask_Schedule)
    OsTask_Schedule                          0x08001f91   Thumb Code    54  ostask.o(i.OsTask_Schedule)
    i.OsTick_1ms_ISR                         0x08001fcc   Section        0  ostask.o(i.OsTick_1ms_ISR)
    i.OsTimer_Init                           0x08002038   Section        0  ostimer.o(i.OsTimer_Init)
    i.OsTimer_Start                          0x0800203c   Section        0  ostimer.o(i.OsTimer_Start)
    i.PendSV_Handler                         0x0800204c   Section        0  stm32f1xx_it.o(i.PendSV_Handler)
    i.RCC_Delay                              0x08002050   Section        0  stm32f1xx_hal_rcc.o(i.RCC_Delay)
    RCC_Delay                                0x08002051   Thumb Code    36  stm32f1xx_hal_rcc.o(i.RCC_Delay)
    i.SVC_Handler                            0x08002078   Section        0  stm32f1xx_it.o(i.SVC_Handler)
    i.StartOS                                0x0800207a   Section        0  ostask.o(i.StartOS)
    i.SysTick_Handler                        0x0800208e   Section        0  stm32f1xx_it.o(i.SysTick_Handler)
    i.SystemClock_Config                     0x08002090   Section        0  main.o(i.SystemClock_Config)
    i.SystemInit                             0x080020f6   Section        0  system_stm32f1xx.o(i.SystemInit)
    i.TIM3_IRQHandler                        0x080020f8   Section        0  stm32f1xx_it.o(i.TIM3_IRQHandler)
    i.TIM4_IRQHandler                        0x08002108   Section        0  stm32f1xx_it.o(i.TIM4_IRQHandler)
    i.TIM_Base_SetConfig                     0x0800211c   Section        0  stm32f1xx_hal_tim.o(i.TIM_Base_SetConfig)
    i.TIM_ETR_SetConfig                      0x080021a0   Section        0  stm32f1xx_hal_tim.o(i.TIM_ETR_SetConfig)
    i.TIM_ITRx_SetConfig                     0x080021b6   Section        0  stm32f1xx_hal_tim.o(i.TIM_ITRx_SetConfig)
    TIM_ITRx_SetConfig                       0x080021b7   Thumb Code    18  stm32f1xx_hal_tim.o(i.TIM_ITRx_SetConfig)
    i.TIM_TI1_ConfigInputStage               0x080021c8   Section        0  stm32f1xx_hal_tim.o(i.TIM_TI1_ConfigInputStage)
    TIM_TI1_ConfigInputStage                 0x080021c9   Thumb Code    38  stm32f1xx_hal_tim.o(i.TIM_TI1_ConfigInputStage)
    i.TIM_TI2_ConfigInputStage               0x080021ee   Section        0  stm32f1xx_hal_tim.o(i.TIM_TI2_ConfigInputStage)
    TIM_TI2_ConfigInputStage                 0x080021ef   Thumb Code    40  stm32f1xx_hal_tim.o(i.TIM_TI2_ConfigInputStage)
    i.Task_BSW_1000ms                        0x08002218   Section        0  ostask_cfg.o(i.Task_BSW_1000ms)
    Task_BSW_1000ms                          0x08002219   Thumb Code    12  ostask_cfg.o(i.Task_BSW_1000ms)
    i.Task_BSW_100ms                         0x08002228   Section        0  ostask_cfg.o(i.Task_BSW_100ms)
    Task_BSW_100ms                           0x08002229   Thumb Code     2  ostask_cfg.o(i.Task_BSW_100ms)
    i.Task_BSW_10ms                          0x0800222a   Section        0  ostask_cfg.o(i.Task_BSW_10ms)
    Task_BSW_10ms                            0x0800222b   Thumb Code     2  ostask_cfg.o(i.Task_BSW_10ms)
    i.Task_BSW_1ms                           0x0800222c   Section        0  ostask_cfg.o(i.Task_BSW_1ms)
    Task_BSW_1ms                             0x0800222d   Thumb Code     8  ostask_cfg.o(i.Task_BSW_1ms)
    i.Task_BSW_20ms                          0x08002234   Section        0  ostask_cfg.o(i.Task_BSW_20ms)
    Task_BSW_20ms                            0x08002235   Thumb Code     2  ostask_cfg.o(i.Task_BSW_20ms)
    i.Task_BSW_500ms                         0x08002236   Section        0  ostask_cfg.o(i.Task_BSW_500ms)
    Task_BSW_500ms                           0x08002237   Thumb Code    10  ostask_cfg.o(i.Task_BSW_500ms)
    i.Task_BSW_50ms                          0x08002240   Section        0  ostask_cfg.o(i.Task_BSW_50ms)
    Task_BSW_50ms                            0x08002241   Thumb Code     2  ostask_cfg.o(i.Task_BSW_50ms)
    i.Task_BSW_5ms                           0x08002242   Section        0  ostask_cfg.o(i.Task_BSW_5ms)
    Task_BSW_5ms                             0x08002243   Thumb Code     8  ostask_cfg.o(i.Task_BSW_5ms)
    i.UART_DMAAbortOnError                   0x0800224a   Section        0  stm32f1xx_hal_uart.o(i.UART_DMAAbortOnError)
    UART_DMAAbortOnError                     0x0800224b   Thumb Code    20  stm32f1xx_hal_uart.o(i.UART_DMAAbortOnError)
    i.UART_DMAError                          0x0800225e   Section        0  stm32f1xx_hal_uart.o(i.UART_DMAError)
    UART_DMAError                            0x0800225f   Thumb Code    80  stm32f1xx_hal_uart.o(i.UART_DMAError)
    i.UART_DMAReceiveCplt                    0x080022ae   Section        0  stm32f1xx_hal_uart.o(i.UART_DMAReceiveCplt)
    UART_DMAReceiveCplt                      0x080022af   Thumb Code   180  stm32f1xx_hal_uart.o(i.UART_DMAReceiveCplt)
    i.UART_DMARxHalfCplt                     0x08002362   Section        0  stm32f1xx_hal_uart.o(i.UART_DMARxHalfCplt)
    UART_DMARxHalfCplt                       0x08002363   Thumb Code    36  stm32f1xx_hal_uart.o(i.UART_DMARxHalfCplt)
    i.UART_DMATransmitCplt                   0x08002386   Section        0  stm32f1xx_hal_uart.o(i.UART_DMATransmitCplt)
    UART_DMATransmitCplt                     0x08002387   Thumb Code    88  stm32f1xx_hal_uart.o(i.UART_DMATransmitCplt)
    i.UART_DMATxHalfCplt                     0x080023de   Section        0  stm32f1xx_hal_uart.o(i.UART_DMATxHalfCplt)
    UART_DMATxHalfCplt                       0x080023df   Thumb Code    14  stm32f1xx_hal_uart.o(i.UART_DMATxHalfCplt)
    i.UART_EndRxTransfer                     0x080023ec   Section        0  stm32f1xx_hal_uart.o(i.UART_EndRxTransfer)
    UART_EndRxTransfer                       0x080023ed   Thumb Code   108  stm32f1xx_hal_uart.o(i.UART_EndRxTransfer)
    i.UART_EndTransmit_IT                    0x08002458   Section        0  stm32f1xx_hal_uart.o(i.UART_EndTransmit_IT)
    UART_EndTransmit_IT                      0x08002459   Thumb Code    32  stm32f1xx_hal_uart.o(i.UART_EndTransmit_IT)
    i.UART_EndTxTransfer                     0x08002478   Section        0  stm32f1xx_hal_uart.o(i.UART_EndTxTransfer)
    UART_EndTxTransfer                       0x08002479   Thumb Code    38  stm32f1xx_hal_uart.o(i.UART_EndTxTransfer)
    i.UART_Receive_IT                        0x0800249e   Section        0  stm32f1xx_hal_uart.o(i.UART_Receive_IT)
    UART_Receive_IT                          0x0800249f   Thumb Code   252  stm32f1xx_hal_uart.o(i.UART_Receive_IT)
    i.UART_SetConfig                         0x0800259c   Section        0  stm32f1xx_hal_uart.o(i.UART_SetConfig)
    UART_SetConfig                           0x0800259d   Thumb Code   248  stm32f1xx_hal_uart.o(i.UART_SetConfig)
    i.UART_Start_Receive_DMA                 0x08002698   Section        0  stm32f1xx_hal_uart.o(i.UART_Start_Receive_DMA)
    i.UART_Transmit_IT                       0x08002760   Section        0  stm32f1xx_hal_uart.o(i.UART_Transmit_IT)
    UART_Transmit_IT                         0x08002761   Thumb Code    96  stm32f1xx_hal_uart.o(i.UART_Transmit_IT)
    i.USART2_IRQHandler                      0x080027c0   Section        0  stm32f1xx_it.o(i.USART2_IRQHandler)
    i.UartCallback_USART_BOOT_IRQHandler     0x080027d4   Section        0  uart_userif.o(i.UartCallback_USART_BOOT_IRQHandler)
    i.UartIf_Init                            0x0800286c   Section        0  uart_userif.o(i.UartIf_Init)
    i.UartIf_MainFunction_Rx                 0x080028b0   Section        0  uart_userif.o(i.UartIf_MainFunction_Rx)
    i.UartIf_MainFunction_Tx                 0x08002964   Section        0  uart_userif.o(i.UartIf_MainFunction_Tx)
    i.UartIf_Sequence_GetIdleIndex_Rx        0x08002a20   Section        0  uart_userif.o(i.UartIf_Sequence_GetIdleIndex_Rx)
    UartIf_Sequence_GetIdleIndex_Rx          0x08002a21   Thumb Code    28  uart_userif.o(i.UartIf_Sequence_GetIdleIndex_Rx)
    i.UartIf_Sequence_GetIdleIndex_Tx        0x08002a40   Section        0  uart_userif.o(i.UartIf_Sequence_GetIdleIndex_Tx)
    UartIf_Sequence_GetIdleIndex_Tx          0x08002a41   Thumb Code    54  uart_userif.o(i.UartIf_Sequence_GetIdleIndex_Tx)
    i.UartIf_Sequence_GetReadyIndex_Tx       0x08002a7c   Section        0  uart_userif.o(i.UartIf_Sequence_GetReadyIndex_Tx)
    UartIf_Sequence_GetReadyIndex_Tx         0x08002a7d   Thumb Code    58  uart_userif.o(i.UartIf_Sequence_GetReadyIndex_Tx)
    i.UartIf_Sequence_Transmit               0x08002abc   Section        0  uart_userif.o(i.UartIf_Sequence_Transmit)
    i.Uart_Sequence_Init                     0x08002bb8   Section        0  uart_userif.o(i.Uart_Sequence_Init)
    Uart_Sequence_Init                       0x08002bb9   Thumb Code   104  uart_userif.o(i.Uart_Sequence_Init)
    i.UsageFault_Handler                     0x08002c40   Section        0  stm32f1xx_it.o(i.UsageFault_Handler)
    i.__NVIC_GetPriorityGrouping             0x08002c44   Section        0  stm32f1xx_hal_cortex.o(i.__NVIC_GetPriorityGrouping)
    __NVIC_GetPriorityGrouping               0x08002c45   Thumb Code    10  stm32f1xx_hal_cortex.o(i.__NVIC_GetPriorityGrouping)
    i.__NVIC_SetPriority                     0x08002c54   Section        0  stm32f1xx_hal_cortex.o(i.__NVIC_SetPriority)
    __NVIC_SetPriority                       0x08002c55   Thumb Code    32  stm32f1xx_hal_cortex.o(i.__NVIC_SetPriority)
    i.fast_memcpy                            0x08002c7c   Section        0  userpublic.o(i.fast_memcpy)
    i.main                                   0x08002cc4   Section        0  main.o(i.main)
    .constdata                               0x08002ce4   Section       18  stm32f1xx_hal_rcc.o(.constdata)
    aPLLMULFactorTable                       0x08002ce4   Data          16  stm32f1xx_hal_rcc.o(.constdata)
    aPredivFactorTable                       0x08002cf4   Data           2  stm32f1xx_hal_rcc.o(.constdata)
    .constdata                               0x08002cf6   Section       24  system_stm32f1xx.o(.constdata)
    .constdata                               0x08002d10   Section      128  ostask_cfg.o(.constdata)
    .constdata                               0x08002d90   Section       12  dio_userif.o(.constdata)
    DioConfig                                0x08002d90   Data          12  dio_userif.o(.constdata)
    .data                                    0x20000000   Section        9  stm32f1xx_hal.o(.data)
    .data                                    0x2000000c   Section        4  system_stm32f1xx.o(.data)
    .data                                    0x20000010   Section        4  ostask.o(.data)
    .data                                    0x20000014   Section       16  ostask_cfg.o(.data)
    .data                                    0x20000024   Section        7  uart_userif.o(.data)
    Uart_Tx_SequenceFullFlag                 0x20000024   Data           1  uart_userif.o(.data)
    Uart_Tx_SequenceOutIndex                 0x20000025   Data           1  uart_userif.o(.data)
    Uart_Tx_SequenceInIndex                  0x20000026   Data           1  uart_userif.o(.data)
    Uart_Tx_SequenceEmptyFlag                0x20000027   Data           1  uart_userif.o(.data)
    Uart_Rx_SequenceFullFlag                 0x20000028   Data           1  uart_userif.o(.data)
    Uart_Rx_SequenceOutIndex                 0x20000029   Data           1  uart_userif.o(.data)
    Uart_Rx_SequenceInIndex                  0x2000002a   Data           1  uart_userif.o(.data)
    .bss                                     0x2000002c   Section       72  tim.o(.bss)
    .bss                                     0x20000074   Section      208  usart.o(.bss)
    .bss                                     0x20000144   Section       72  stm32f1xx_hal_timebase_tim.o(.bss)
    .bss                                     0x2000018c   Section       64  ostask_cfg.o(.bss)
    OsTaskText                               0x2000018c   Data          64  ostask_cfg.o(.bss)
    .bss                                     0x200001cc   Section     1152  uart_userif.o(.bss)
    Uart_Tx_Sequence_Buffer                  0x200001cc   Data         512  uart_userif.o(.bss)
    Uart_Tx_Sequence                         0x200003cc   Data          64  uart_userif.o(.bss)
    Uart_Rx_Sequence_Buffer                  0x2000040c   Data         512  uart_userif.o(.bss)
    Uart_Rx_Sequence                         0x2000060c   Data          64  uart_userif.o(.bss)
    .bss                                     0x2000064c   Section       64  app_boot.o(.bss)
    .bss                                     0x2000068c   Section       96  libspace.o(.bss)
    HEAP                                     0x200006f0   Section      512  startup_stm32f103xb.o(HEAP)
    Heap_Mem                                 0x200006f0   Data         512  startup_stm32f103xb.o(HEAP)
    STACK                                    0x200008f0   Section     1024  startup_stm32f103xb.o(STACK)
    Stack_Mem                                0x200008f0   Data        1024  startup_stm32f103xb.o(STACK)
    __initial_sp                             0x20000cf0   Data           0  startup_stm32f103xb.o(STACK)

    Global Symbols

    Symbol Name                              Value     Ov Type        Size  Object(Section)

    BuildAttributes$$THM_ISAv4$P$D$K$B$S$PE$A:L22UL41UL21$X:L11$S22US41US21$IEEE1$IW$USESV6$~STKCKD$USESV7$~SHL$OSPACE$ROPI$EBA8$UX$STANDARDLIB$REQ8$PRES8$EABIv2 0x00000000   Number         0  anon$$obj.o ABSOLUTE
    __ARM_use_no_argv                        0x00000000   Number         0  main.o ABSOLUTE
    __ARM_exceptions_init                     - Undefined Weak Reference
    __alloca_initialize                       - Undefined Weak Reference
    __arm_preinit_                            - Undefined Weak Reference
    __cpp_initialize__aeabi_                  - Undefined Weak Reference
    __cxa_finalize                            - Undefined Weak Reference
    __rt_locale                               - Undefined Weak Reference
    __sigvec_lookup                           - Undefined Weak Reference
    _atexit_init                              - Undefined Weak Reference
    _call_atexit_fns                          - Undefined Weak Reference
    _clock_init                               - Undefined Weak Reference
    _fp_trap_init                             - Undefined Weak Reference
    _fp_trap_shutdown                         - Undefined Weak Reference
    _get_lc_collate                           - Undefined Weak Reference
    _get_lc_ctype                             - Undefined Weak Reference
    _get_lc_monetary                          - Undefined Weak Reference
    _get_lc_numeric                           - Undefined Weak Reference
    _get_lc_time                              - Undefined Weak Reference
    _getenv_init                              - Undefined Weak Reference
    _handle_redirection                       - Undefined Weak Reference
    _init_alloc                               - Undefined Weak Reference
    _init_user_alloc                          - Undefined Weak Reference
    _initio                                   - Undefined Weak Reference
    _rand_init                                - Undefined Weak Reference
    _signal_finish                            - Undefined Weak Reference
    _signal_init                              - Undefined Weak Reference
    _terminate_alloc                          - Undefined Weak Reference
    _terminate_user_alloc                     - Undefined Weak Reference
    _terminateio                              - Undefined Weak Reference
    __Vectors_Size                           0x000000ec   Number         0  startup_stm32f103xb.o ABSOLUTE
    __Vectors                                0x08000000   Data           4  startup_stm32f103xb.o(RESET)
    __Vectors_End                            0x080000ec   Data           0  startup_stm32f103xb.o(RESET)
    __main                                   0x080000ed   Thumb Code     8  __main.o(!!!main)
    __scatterload                            0x080000f5   Thumb Code     0  __scatter.o(!!!scatter)
    __scatterload_rt2                        0x080000f5   Thumb Code    44  __scatter.o(!!!scatter)
    __scatterload_rt2_thumb_only             0x080000f5   Thumb Code     0  __scatter.o(!!!scatter)
    __scatterload_null                       0x08000103   Thumb Code     0  __scatter.o(!!!scatter)
    __scatterload_copy                       0x08000129   Thumb Code    26  __scatter_copy.o(!!handler_copy)
    __scatterload_zeroinit                   0x08000145   Thumb Code    28  __scatter_zi.o(!!handler_zi)
    __rt_lib_init                            0x08000161   Thumb Code     0  libinit.o(.ARM.Collect$$libinit$$00000000)
    __rt_lib_init_alloca_1                   0x08000163   Thumb Code     0  libinit2.o(.ARM.Collect$$libinit$$0000002E)
    __rt_lib_init_argv_1                     0x08000163   Thumb Code     0  libinit2.o(.ARM.Collect$$libinit$$0000002C)
    __rt_lib_init_atexit_1                   0x08000163   Thumb Code     0  libinit2.o(.ARM.Collect$$libinit$$0000001B)
    __rt_lib_init_clock_1                    0x08000163   Thumb Code     0  libinit2.o(.ARM.Collect$$libinit$$00000021)
    __rt_lib_init_cpp_1                      0x08000163   Thumb Code     0  libinit2.o(.ARM.Collect$$libinit$$00000032)
    __rt_lib_init_exceptions_1               0x08000163   Thumb Code     0  libinit2.o(.ARM.Collect$$libinit$$00000030)
    __rt_lib_init_fp_1                       0x08000163   Thumb Code     0  libinit2.o(.ARM.Collect$$libinit$$00000002)
    __rt_lib_init_fp_trap_1                  0x08000163   Thumb Code     0  libinit2.o(.ARM.Collect$$libinit$$0000001F)
    __rt_lib_init_getenv_1                   0x08000163   Thumb Code     0  libinit2.o(.ARM.Collect$$libinit$$00000023)
    __rt_lib_init_heap_1                     0x08000163   Thumb Code     0  libinit2.o(.ARM.Collect$$libinit$$0000000A)
    __rt_lib_init_lc_collate_1               0x08000163   Thumb Code     0  libinit2.o(.ARM.Collect$$libinit$$00000011)
    __rt_lib_init_lc_ctype_1                 0x08000163   Thumb Code     0  libinit2.o(.ARM.Collect$$libinit$$00000013)
    __rt_lib_init_lc_monetary_1              0x08000163   Thumb Code     0  libinit2.o(.ARM.Collect$$libinit$$00000015)
    __rt_lib_init_lc_numeric_1               0x08000163   Thumb Code     0  libinit2.o(.ARM.Collect$$libinit$$00000017)
    __rt_lib_init_lc_time_1                  0x08000163   Thumb Code     0  libinit2.o(.ARM.Collect$$libinit$$00000019)
    __rt_lib_init_preinit_1                  0x08000163   Thumb Code     0  libinit2.o(.ARM.Collect$$libinit$$00000004)
    __rt_lib_init_rand_1                     0x08000163   Thumb Code     0  libinit2.o(.ARM.Collect$$libinit$$0000000E)
    __rt_lib_init_return                     0x08000163   Thumb Code     0  libinit2.o(.ARM.Collect$$libinit$$00000033)
    __rt_lib_init_signal_1                   0x08000163   Thumb Code     0  libinit2.o(.ARM.Collect$$libinit$$0000001D)
    __rt_lib_init_stdio_1                    0x08000163   Thumb Code     0  libinit2.o(.ARM.Collect$$libinit$$00000025)
    __rt_lib_init_user_alloc_1               0x08000163   Thumb Code     0  libinit2.o(.ARM.Collect$$libinit$$0000000C)
    __rt_lib_shutdown                        0x08000165   Thumb Code     0  libshutdown.o(.ARM.Collect$$libshutdown$$00000000)
    __rt_lib_shutdown_cpp_1                  0x08000167   Thumb Code     0  libshutdown2.o(.ARM.Collect$$libshutdown$$00000002)
    __rt_lib_shutdown_fp_trap_1              0x08000167   Thumb Code     0  libshutdown2.o(.ARM.Collect$$libshutdown$$00000007)
    __rt_lib_shutdown_heap_1                 0x08000167   Thumb Code     0  libshutdown2.o(.ARM.Collect$$libshutdown$$0000000F)
    __rt_lib_shutdown_return                 0x08000167   Thumb Code     0  libshutdown2.o(.ARM.Collect$$libshutdown$$00000010)
    __rt_lib_shutdown_signal_1               0x08000167   Thumb Code     0  libshutdown2.o(.ARM.Collect$$libshutdown$$0000000A)
    __rt_lib_shutdown_stdio_1                0x08000167   Thumb Code     0  libshutdown2.o(.ARM.Collect$$libshutdown$$00000004)
    __rt_lib_shutdown_user_alloc_1           0x08000167   Thumb Code     0  libshutdown2.o(.ARM.Collect$$libshutdown$$0000000C)
    __rt_entry                               0x08000169   Thumb Code     0  __rtentry.o(.ARM.Collect$$rtentry$$00000000)
    __rt_entry_presh_1                       0x08000169   Thumb Code     0  __rtentry2.o(.ARM.Collect$$rtentry$$00000002)
    __rt_entry_sh                            0x08000169   Thumb Code     0  __rtentry4.o(.ARM.Collect$$rtentry$$00000004)
    __rt_entry_li                            0x0800016f   Thumb Code     0  __rtentry2.o(.ARM.Collect$$rtentry$$0000000A)
    __rt_entry_postsh_1                      0x0800016f   Thumb Code     0  __rtentry2.o(.ARM.Collect$$rtentry$$00000009)
    __rt_entry_main                          0x08000173   Thumb Code     0  __rtentry2.o(.ARM.Collect$$rtentry$$0000000D)
    __rt_entry_postli_1                      0x08000173   Thumb Code     0  __rtentry2.o(.ARM.Collect$$rtentry$$0000000C)
    __rt_exit                                0x0800017b   Thumb Code     0  rtexit.o(.ARM.Collect$$rtexit$$00000000)
    __rt_exit_ls                             0x0800017d   Thumb Code     0  rtexit2.o(.ARM.Collect$$rtexit$$00000003)
    __rt_exit_prels_1                        0x0800017d   Thumb Code     0  rtexit2.o(.ARM.Collect$$rtexit$$00000002)
    __rt_exit_exit                           0x08000181   Thumb Code     0  rtexit2.o(.ARM.Collect$$rtexit$$00000004)
    Reset_Handler                            0x08000189   Thumb Code     8  startup_stm32f103xb.o(.text)
    ADC1_2_IRQHandler                        0x080001a3   Thumb Code     0  startup_stm32f103xb.o(.text)
    CAN1_RX1_IRQHandler                      0x080001a3   Thumb Code     0  startup_stm32f103xb.o(.text)
    CAN1_SCE_IRQHandler                      0x080001a3   Thumb Code     0  startup_stm32f103xb.o(.text)
    DMA1_Channel1_IRQHandler                 0x080001a3   Thumb Code     0  startup_stm32f103xb.o(.text)
    DMA1_Channel2_IRQHandler                 0x080001a3   Thumb Code     0  startup_stm32f103xb.o(.text)
    DMA1_Channel3_IRQHandler                 0x080001a3   Thumb Code     0  startup_stm32f103xb.o(.text)
    DMA1_Channel4_IRQHandler                 0x080001a3   Thumb Code     0  startup_stm32f103xb.o(.text)
    DMA1_Channel5_IRQHandler                 0x080001a3   Thumb Code     0  startup_stm32f103xb.o(.text)
    EXTI0_IRQHandler                         0x080001a3   Thumb Code     0  startup_stm32f103xb.o(.text)
    EXTI15_10_IRQHandler                     0x080001a3   Thumb Code     0  startup_stm32f103xb.o(.text)
    EXTI1_IRQHandler                         0x080001a3   Thumb Code     0  startup_stm32f103xb.o(.text)
    EXTI2_IRQHandler                         0x080001a3   Thumb Code     0  startup_stm32f103xb.o(.text)
    EXTI3_IRQHandler                         0x080001a3   Thumb Code     0  startup_stm32f103xb.o(.text)
    EXTI4_IRQHandler                         0x080001a3   Thumb Code     0  startup_stm32f103xb.o(.text)
    EXTI9_5_IRQHandler                       0x080001a3   Thumb Code     0  startup_stm32f103xb.o(.text)
    FLASH_IRQHandler                         0x080001a3   Thumb Code     0  startup_stm32f103xb.o(.text)
    I2C1_ER_IRQHandler                       0x080001a3   Thumb Code     0  startup_stm32f103xb.o(.text)
    I2C1_EV_IRQHandler                       0x080001a3   Thumb Code     0  startup_stm32f103xb.o(.text)
    I2C2_ER_IRQHandler                       0x080001a3   Thumb Code     0  startup_stm32f103xb.o(.text)
    I2C2_EV_IRQHandler                       0x080001a3   Thumb Code     0  startup_stm32f103xb.o(.text)
    PVD_IRQHandler                           0x080001a3   Thumb Code     0  startup_stm32f103xb.o(.text)
    RCC_IRQHandler                           0x080001a3   Thumb Code     0  startup_stm32f103xb.o(.text)
    RTC_Alarm_IRQHandler                     0x080001a3   Thumb Code     0  startup_stm32f103xb.o(.text)
    RTC_IRQHandler                           0x080001a3   Thumb Code     0  startup_stm32f103xb.o(.text)
    SPI1_IRQHandler                          0x080001a3   Thumb Code     0  startup_stm32f103xb.o(.text)
    SPI2_IRQHandler                          0x080001a3   Thumb Code     0  startup_stm32f103xb.o(.text)
    TAMPER_IRQHandler                        0x080001a3   Thumb Code     0  startup_stm32f103xb.o(.text)
    TIM1_BRK_IRQHandler                      0x080001a3   Thumb Code     0  startup_stm32f103xb.o(.text)
    TIM1_CC_IRQHandler                       0x080001a3   Thumb Code     0  startup_stm32f103xb.o(.text)
    TIM1_TRG_COM_IRQHandler                  0x080001a3   Thumb Code     0  startup_stm32f103xb.o(.text)
    TIM1_UP_IRQHandler                       0x080001a3   Thumb Code     0  startup_stm32f103xb.o(.text)
    TIM2_IRQHandler                          0x080001a3   Thumb Code     0  startup_stm32f103xb.o(.text)
    USART1_IRQHandler                        0x080001a3   Thumb Code     0  startup_stm32f103xb.o(.text)
    USART3_IRQHandler                        0x080001a3   Thumb Code     0  startup_stm32f103xb.o(.text)
    USBWakeUp_IRQHandler                     0x080001a3   Thumb Code     0  startup_stm32f103xb.o(.text)
    USB_HP_CAN1_TX_IRQHandler                0x080001a3   Thumb Code     0  startup_stm32f103xb.o(.text)
    USB_LP_CAN1_RX0_IRQHandler               0x080001a3   Thumb Code     0  startup_stm32f103xb.o(.text)
    WWDG_IRQHandler                          0x080001a3   Thumb Code     0  startup_stm32f103xb.o(.text)
    __user_initial_stackheap                 0x080001a5   Thumb Code     0  startup_stm32f103xb.o(.text)
    __aeabi_memclr4                          0x080001c9   Thumb Code     0  rt_memclr_w.o(.text)
    __aeabi_memclr8                          0x080001c9   Thumb Code     0  rt_memclr_w.o(.text)
    __rt_memclr_w                            0x080001c9   Thumb Code    78  rt_memclr_w.o(.text)
    _memset_w                                0x080001cd   Thumb Code     0  rt_memclr_w.o(.text)
    __use_two_region_memory                  0x08000217   Thumb Code     2  heapauxi.o(.text)
    __rt_heap_escrow$2region                 0x08000219   Thumb Code     2  heapauxi.o(.text)
    __rt_heap_expand$2region                 0x0800021b   Thumb Code     2  heapauxi.o(.text)
    __user_setup_stackheap                   0x0800021d   Thumb Code    74  sys_stackheap_outer.o(.text)
    exit                                     0x08000267   Thumb Code    18  exit.o(.text)
    __user_libspace                          0x08000279   Thumb Code     8  libspace.o(.text)
    __user_perproc_libspace                  0x08000279   Thumb Code     0  libspace.o(.text)
    __user_perthread_libspace                0x08000279   Thumb Code     0  libspace.o(.text)
    _sys_exit                                0x08000281   Thumb Code     8  sys_exit.o(.text)
    __I$use$semihosting                      0x0800028d   Thumb Code     0  use_no_semi.o(.text)
    __use_no_semihosting_swi                 0x0800028d   Thumb Code     2  use_no_semi.o(.text)
    ASW_Init                                 0x0800028f   Thumb Code     2  ostask_cfg.o(i.ASW_Init)
    __semihosting_library_function           0x0800028f   Thumb Code     0  indicate_semi.o(.text)
    Asw_Callback_Receive_Uart1               0x08000291   Thumb Code    38  app_boot.o(i.Asw_Callback_Receive_Uart1)
    BSW_Init                                 0x080002bd   Thumb Code    16  ostask_cfg.o(i.BSW_Init)
    BusFault_Handler                         0x080002cd   Thumb Code     4  stm32f1xx_it.o(i.BusFault_Handler)
    DMA1_Channel6_IRQHandler                 0x080002d1   Thumb Code    10  stm32f1xx_it.o(i.DMA1_Channel6_IRQHandler)
    DMA1_Channel7_IRQHandler                 0x080002e1   Thumb Code    10  stm32f1xx_it.o(i.DMA1_Channel7_IRQHandler)
    DebugMon_Handler                         0x0800031d   Thumb Code     2  stm32f1xx_it.o(i.DebugMon_Handler)
    DioIf_Init                               0x0800031f   Thumb Code    12  dio_userif.o(i.DioIf_Init)
    DioIf_TogglePin                          0x0800032d   Thumb Code    64  dio_userif.o(i.DioIf_TogglePin)
    DioIf_WritePin                           0x08000371   Thumb Code   100  dio_userif.o(i.DioIf_WritePin)
    Error_Handler                            0x080003d9   Thumb Code     6  main.o(i.Error_Handler)
    FlsIf_Init                               0x080003df   Thumb Code     2  flash_userif.o(i.FlsIf_Init)
    HAL_DMA_Abort                            0x080003e1   Thumb Code    86  stm32f1xx_hal_dma.o(i.HAL_DMA_Abort)
    HAL_DMA_Abort_IT                         0x08000439   Thumb Code   172  stm32f1xx_hal_dma.o(i.HAL_DMA_Abort_IT)
    HAL_DMA_IRQHandler                       0x080004e9   Thumb Code   408  stm32f1xx_hal_dma.o(i.HAL_DMA_IRQHandler)
    HAL_DMA_Init                             0x08000685   Thumb Code   100  stm32f1xx_hal_dma.o(i.HAL_DMA_Init)
    HAL_DMA_Start_IT                         0x080006ed   Thumb Code   156  stm32f1xx_hal_dma.o(i.HAL_DMA_Start_IT)
    HAL_GPIO_Init                            0x08000789   Thumb Code   766  stm32f1xx_hal_gpio.o(i.HAL_GPIO_Init)
    HAL_GPIO_TogglePin                       0x08000aa9   Thumb Code    20  stm32f1xx_hal_gpio.o(i.HAL_GPIO_TogglePin)
    HAL_GPIO_WritePin                        0x08000abd   Thumb Code    12  stm32f1xx_hal_gpio.o(i.HAL_GPIO_WritePin)
    HAL_GetTick                              0x08000ac9   Thumb Code     6  stm32f1xx_hal.o(i.HAL_GetTick)
    HAL_IncTick                              0x08000ad5   Thumb Code    16  stm32f1xx_hal.o(i.HAL_IncTick)
    HAL_Init                                 0x08000aed   Thumb Code    34  stm32f1xx_hal.o(i.HAL_Init)
    HAL_InitTick                             0x08000b15   Thumb Code   158  stm32f1xx_hal_timebase_tim.o(i.HAL_InitTick)
    HAL_MspInit                              0x08000bc9   Thumb Code    76  stm32f1xx_hal_msp.o(i.HAL_MspInit)
    HAL_NVIC_EnableIRQ                       0x08000c1d   Thumb Code    32  stm32f1xx_hal_cortex.o(i.HAL_NVIC_EnableIRQ)
    HAL_NVIC_SetPriority                     0x08000c3d   Thumb Code   124  stm32f1xx_hal_cortex.o(i.HAL_NVIC_SetPriority)
    HAL_NVIC_SetPriorityGrouping             0x08000cb9   Thumb Code    32  stm32f1xx_hal_cortex.o(i.HAL_NVIC_SetPriorityGrouping)
    HAL_RCC_ClockConfig                      0x08000ce1   Thumb Code   376  stm32f1xx_hal_rcc.o(i.HAL_RCC_ClockConfig)
    HAL_RCC_GetClockConfig                   0x08000e6d   Thumb Code    58  stm32f1xx_hal_rcc.o(i.HAL_RCC_GetClockConfig)
    HAL_RCC_GetHCLKFreq                      0x08000eb1   Thumb Code     6  stm32f1xx_hal_rcc.o(i.HAL_RCC_GetHCLKFreq)
    HAL_RCC_GetPCLK1Freq                     0x08000ebd   Thumb Code    22  stm32f1xx_hal_rcc.o(i.HAL_RCC_GetPCLK1Freq)
    HAL_RCC_GetPCLK2Freq                     0x08000edd   Thumb Code    22  stm32f1xx_hal_rcc.o(i.HAL_RCC_GetPCLK2Freq)
    HAL_RCC_GetSysClockFreq                  0x08000efd   Thumb Code    92  stm32f1xx_hal_rcc.o(i.HAL_RCC_GetSysClockFreq)
    HAL_RCC_OscConfig                        0x08000f6d   Thumb Code  1114  stm32f1xx_hal_rcc.o(i.HAL_RCC_OscConfig)
    HAL_TIMEx_BreakCallback                  0x080013d1   Thumb Code     2  stm32f1xx_hal_tim_ex.o(i.HAL_TIMEx_BreakCallback)
    HAL_TIMEx_CommutCallback                 0x080013d3   Thumb Code     2  stm32f1xx_hal_tim_ex.o(i.HAL_TIMEx_CommutCallback)
    HAL_TIMEx_MasterConfigSynchronization    0x080013d5   Thumb Code   118  stm32f1xx_hal_tim_ex.o(i.HAL_TIMEx_MasterConfigSynchronization)
    HAL_TIM_Base_Init                        0x08001459   Thumb Code   102  stm32f1xx_hal_tim.o(i.HAL_TIM_Base_Init)
    HAL_TIM_Base_MspInit                     0x080014c1   Thumb Code    58  tim.o(i.HAL_TIM_Base_MspInit)
    HAL_TIM_Base_Start_IT                    0x08001505   Thumb Code   106  stm32f1xx_hal_tim.o(i.HAL_TIM_Base_Start_IT)
    HAL_TIM_ConfigClockSource                0x0800157d   Thumb Code   268  stm32f1xx_hal_tim.o(i.HAL_TIM_ConfigClockSource)
    HAL_TIM_IC_CaptureCallback               0x08001689   Thumb Code     2  stm32f1xx_hal_tim.o(i.HAL_TIM_IC_CaptureCallback)
    HAL_TIM_IRQHandler                       0x0800168b   Thumb Code   364  stm32f1xx_hal_tim.o(i.HAL_TIM_IRQHandler)
    HAL_TIM_OC_DelayElapsedCallback          0x080017f7   Thumb Code     2  stm32f1xx_hal_tim.o(i.HAL_TIM_OC_DelayElapsedCallback)
    HAL_TIM_PWM_PulseFinishedCallback        0x080017f9   Thumb Code     2  stm32f1xx_hal_tim.o(i.HAL_TIM_PWM_PulseFinishedCallback)
    HAL_TIM_PeriodElapsedCallback            0x080017fd   Thumb Code    18  main.o(i.HAL_TIM_PeriodElapsedCallback)
    HAL_TIM_TriggerCallback                  0x08001815   Thumb Code     2  stm32f1xx_hal_tim.o(i.HAL_TIM_TriggerCallback)
    HAL_UARTEx_RxEventCallback               0x08001817   Thumb Code     2  stm32f1xx_hal_uart.o(i.HAL_UARTEx_RxEventCallback)
    HAL_UART_DMAStop                         0x08001819   Thumb Code   138  stm32f1xx_hal_uart.o(i.HAL_UART_DMAStop)
    HAL_UART_ErrorCallback                   0x080018a3   Thumb Code     2  stm32f1xx_hal_uart.o(i.HAL_UART_ErrorCallback)
    HAL_UART_IRQHandler                      0x080018a5   Thumb Code   736  stm32f1xx_hal_uart.o(i.HAL_UART_IRQHandler)
    HAL_UART_Init                            0x08001b89   Thumb Code   118  stm32f1xx_hal_uart.o(i.HAL_UART_Init)
    HAL_UART_MspInit                         0x08001c01   Thumb Code   238  usart.o(i.HAL_UART_MspInit)
    HAL_UART_Receive_DMA                     0x08001d09   Thumb Code    44  stm32f1xx_hal_uart.o(i.HAL_UART_Receive_DMA)
    HAL_UART_RxCpltCallback                  0x08001d35   Thumb Code     2  stm32f1xx_hal_uart.o(i.HAL_UART_RxCpltCallback)
    HAL_UART_RxHalfCpltCallback              0x08001d37   Thumb Code     2  stm32f1xx_hal_uart.o(i.HAL_UART_RxHalfCpltCallback)
    HAL_UART_Transmit_DMA                    0x08001d39   Thumb Code   128  stm32f1xx_hal_uart.o(i.HAL_UART_Transmit_DMA)
    HAL_UART_TxCpltCallback                  0x08001dc5   Thumb Code     2  stm32f1xx_hal_uart.o(i.HAL_UART_TxCpltCallback)
    HAL_UART_TxHalfCpltCallback              0x08001dc7   Thumb Code     2  stm32f1xx_hal_uart.o(i.HAL_UART_TxHalfCpltCallback)
    HardFault_Handler                        0x08001dc9   Thumb Code     4  stm32f1xx_it.o(i.HardFault_Handler)
    MX_DMA_Init                              0x08001dcd   Thumb Code    64  dma.o(i.MX_DMA_Init)
    MX_GPIO_Init                             0x08001e11   Thumb Code   136  gpio.o(i.MX_GPIO_Init)
    MX_TIM4_Init                             0x08001ea1   Thumb Code   100  tim.o(i.MX_TIM4_Init)
    MX_USART2_UART_Init                      0x08001f0d   Thumb Code    46  usart.o(i.MX_USART2_UART_Init)
    MemManage_Handler                        0x08001f45   Thumb Code     4  stm32f1xx_it.o(i.MemManage_Handler)
    NMI_Handler                              0x08001f49   Thumb Code     4  stm32f1xx_it.o(i.NMI_Handler)
    OSTask_Main                              0x08001f4d   Thumb Code    12  ostask.o(i.OSTask_Main)
    OsTick_1ms_ISR                           0x08001fcd   Thumb Code    98  ostask.o(i.OsTick_1ms_ISR)
    OsTimer_Init                             0x08002039   Thumb Code     2  ostimer.o(i.OsTimer_Init)
    OsTimer_Start                            0x0800203d   Thumb Code    10  ostimer.o(i.OsTimer_Start)
    PendSV_Handler                           0x0800204d   Thumb Code     2  stm32f1xx_it.o(i.PendSV_Handler)
    SVC_Handler                              0x08002079   Thumb Code     2  stm32f1xx_it.o(i.SVC_Handler)
    StartOS                                  0x0800207b   Thumb Code    20  ostask.o(i.StartOS)
    SysTick_Handler                          0x0800208f   Thumb Code     2  stm32f1xx_it.o(i.SysTick_Handler)
    SystemClock_Config                       0x08002091   Thumb Code   102  main.o(i.SystemClock_Config)
    SystemInit                               0x080020f7   Thumb Code     2  system_stm32f1xx.o(i.SystemInit)
    TIM3_IRQHandler                          0x080020f9   Thumb Code    10  stm32f1xx_it.o(i.TIM3_IRQHandler)
    TIM4_IRQHandler                          0x08002109   Thumb Code    14  stm32f1xx_it.o(i.TIM4_IRQHandler)
    TIM_Base_SetConfig                       0x0800211d   Thumb Code   120  stm32f1xx_hal_tim.o(i.TIM_Base_SetConfig)
    TIM_ETR_SetConfig                        0x080021a1   Thumb Code    22  stm32f1xx_hal_tim.o(i.TIM_ETR_SetConfig)
    UART_Start_Receive_DMA                   0x08002699   Thumb Code   186  stm32f1xx_hal_uart.o(i.UART_Start_Receive_DMA)
    USART2_IRQHandler                        0x080027c1   Thumb Code    14  stm32f1xx_it.o(i.USART2_IRQHandler)
    UartCallback_USART_BOOT_IRQHandler       0x080027d5   Thumb Code   132  uart_userif.o(i.UartCallback_USART_BOOT_IRQHandler)
    UartIf_Init                              0x0800286d   Thumb Code    56  uart_userif.o(i.UartIf_Init)
    UartIf_MainFunction_Rx                   0x080028b1   Thumb Code   160  uart_userif.o(i.UartIf_MainFunction_Rx)
    UartIf_MainFunction_Tx                   0x08002965   Thumb Code   168  uart_userif.o(i.UartIf_MainFunction_Tx)
    UartIf_Sequence_Transmit                 0x08002abd   Thumb Code   228  uart_userif.o(i.UartIf_Sequence_Transmit)
    UsageFault_Handler                       0x08002c41   Thumb Code     4  stm32f1xx_it.o(i.UsageFault_Handler)
    fast_memcpy                              0x08002c7d   Thumb Code    72  userpublic.o(i.fast_memcpy)
    main                                     0x08002cc5   Thumb Code    32  main.o(i.main)
    AHBPrescTable                            0x08002cf6   Data          16  system_stm32f1xx.o(.constdata)
    APBPrescTable                            0x08002d06   Data           8  system_stm32f1xx.o(.constdata)
    OsTaskCfg                                0x08002d10   Data         128  ostask_cfg.o(.constdata)
    Region$$Table$$Base                      0x08002d9c   Number         0  anon$$obj.o(Region$$Table)
    Region$$Table$$Limit                     0x08002dbc   Number         0  anon$$obj.o(Region$$Table)
    uwTick                                   0x20000000   Data           4  stm32f1xx_hal.o(.data)
    uwTickPrio                               0x20000004   Data           4  stm32f1xx_hal.o(.data)
    uwTickFreq                               0x20000008   Data           1  stm32f1xx_hal.o(.data)
    SystemCoreClock                          0x2000000c   Data           4  system_stm32f1xx.o(.data)
    gOsTick_1msCnt                           0x20000010   Data           4  ostask.o(.data)
    SystemTime_Seconds                       0x20000014   Data           4  ostask_cfg.o(.data)
    OsTaskCtrl                               0x20000018   Data          12  ostask_cfg.o(.data)
    htim4                                    0x2000002c   Data          72  tim.o(.bss)
    huart2                                   0x20000074   Data          72  usart.o(.bss)
    hdma_usart2_rx                           0x200000bc   Data          68  usart.o(.bss)
    hdma_usart2_tx                           0x20000100   Data          68  usart.o(.bss)
    htim3                                    0x20000144   Data          72  stm32f1xx_hal_timebase_tim.o(.bss)
    AppBuf                                   0x2000064c   Data          64  app_boot.o(.bss)
    __libspace_start                         0x2000068c   Data          96  libspace.o(.bss)
    __temporary_stack_top$libspace           0x200006ec   Data           0  libspace.o(.bss)



==============================================================================

Memory Map of the image

  Image Entry point : 0x080000ed

  Load Region LR_IROM1 (Base: 0x08000000, Size: 0x00002de8, Max: 0x00010000, ABSOLUTE)

    Execution Region ER_IROM1 (Exec base: 0x08000000, Load base: 0x08000000, Size: 0x00002dbc, Max: 0x00010000, ABSOLUTE)

    Exec Addr    Load Addr    Size         Type   Attr      Idx    E Section Name        Object

    0x08000000   0x08000000   0x000000ec   Data   RO         2491    RESET               startup_stm32f103xb.o
    0x080000ec   0x080000ec   0x00000008   Code   RO         3278  * !!!main             c_w.l(__main.o)
    0x080000f4   0x080000f4   0x00000034   Code   RO         3435    !!!scatter          c_w.l(__scatter.o)
    0x08000128   0x08000128   0x0000001a   Code   RO         3437    !!handler_copy      c_w.l(__scatter_copy.o)
    0x08000142   0x08000142   0x00000002   PAD
    0x08000144   0x08000144   0x0000001c   Code   RO         3439    !!handler_zi        c_w.l(__scatter_zi.o)
    0x08000160   0x08000160   0x00000002   Code   RO         3305    .ARM.Collect$$libinit$$00000000  c_w.l(libinit.o)
    0x08000162   0x08000162   0x00000000   Code   RO         3312    .ARM.Collect$$libinit$$00000002  c_w.l(libinit2.o)
    0x08000162   0x08000162   0x00000000   Code   RO         3314    .ARM.Collect$$libinit$$00000004  c_w.l(libinit2.o)
    0x08000162   0x08000162   0x00000000   Code   RO         3317    .ARM.Collect$$libinit$$0000000A  c_w.l(libinit2.o)
    0x08000162   0x08000162   0x00000000   Code   RO         3319    .ARM.Collect$$libinit$$0000000C  c_w.l(libinit2.o)
    0x08000162   0x08000162   0x00000000   Code   RO         3321    .ARM.Collect$$libinit$$0000000E  c_w.l(libinit2.o)
    0x08000162   0x08000162   0x00000000   Code   RO         3324    .ARM.Collect$$libinit$$00000011  c_w.l(libinit2.o)
    0x08000162   0x08000162   0x00000000   Code   RO         3326    .ARM.Collect$$libinit$$00000013  c_w.l(libinit2.o)
    0x08000162   0x08000162   0x00000000   Code   RO         3328    .ARM.Collect$$libinit$$00000015  c_w.l(libinit2.o)
    0x08000162   0x08000162   0x00000000   Code   RO         3330    .ARM.Collect$$libinit$$00000017  c_w.l(libinit2.o)
    0x08000162   0x08000162   0x00000000   Code   RO         3332    .ARM.Collect$$libinit$$00000019  c_w.l(libinit2.o)
    0x08000162   0x08000162   0x00000000   Code   RO         3334    .ARM.Collect$$libinit$$0000001B  c_w.l(libinit2.o)
    0x08000162   0x08000162   0x00000000   Code   RO         3336    .ARM.Collect$$libinit$$0000001D  c_w.l(libinit2.o)
    0x08000162   0x08000162   0x00000000   Code   RO         3338    .ARM.Collect$$libinit$$0000001F  c_w.l(libinit2.o)
    0x08000162   0x08000162   0x00000000   Code   RO         3340    .ARM.Collect$$libinit$$00000021  c_w.l(libinit2.o)
    0x08000162   0x08000162   0x00000000   Code   RO         3342    .ARM.Collect$$libinit$$00000023  c_w.l(libinit2.o)
    0x08000162   0x08000162   0x00000000   Code   RO         3344    .ARM.Collect$$libinit$$00000025  c_w.l(libinit2.o)
    0x08000162   0x08000162   0x00000000   Code   RO         3348    .ARM.Collect$$libinit$$0000002C  c_w.l(libinit2.o)
    0x08000162   0x08000162   0x00000000   Code   RO         3350    .ARM.Collect$$libinit$$0000002E  c_w.l(libinit2.o)
    0x08000162   0x08000162   0x00000000   Code   RO         3352    .ARM.Collect$$libinit$$00000030  c_w.l(libinit2.o)
    0x08000162   0x08000162   0x00000000   Code   RO         3354    .ARM.Collect$$libinit$$00000032  c_w.l(libinit2.o)
    0x08000162   0x08000162   0x00000002   Code   RO         3355    .ARM.Collect$$libinit$$00000033  c_w.l(libinit2.o)
    0x08000164   0x08000164   0x00000002   Code   RO         3375    .ARM.Collect$$libshutdown$$00000000  c_w.l(libshutdown.o)
    0x08000166   0x08000166   0x00000000   Code   RO         3388    .ARM.Collect$$libshutdown$$00000002  c_w.l(libshutdown2.o)
    0x08000166   0x08000166   0x00000000   Code   RO         3390    .ARM.Collect$$libshutdown$$00000004  c_w.l(libshutdown2.o)
    0x08000166   0x08000166   0x00000000   Code   RO         3393    .ARM.Collect$$libshutdown$$00000007  c_w.l(libshutdown2.o)
    0x08000166   0x08000166   0x00000000   Code   RO         3396    .ARM.Collect$$libshutdown$$0000000A  c_w.l(libshutdown2.o)
    0x08000166   0x08000166   0x00000000   Code   RO         3398    .ARM.Collect$$libshutdown$$0000000C  c_w.l(libshutdown2.o)
    0x08000166   0x08000166   0x00000000   Code   RO         3401    .ARM.Collect$$libshutdown$$0000000F  c_w.l(libshutdown2.o)
    0x08000166   0x08000166   0x00000002   Code   RO         3402    .ARM.Collect$$libshutdown$$00000010  c_w.l(libshutdown2.o)
    0x08000168   0x08000168   0x00000000   Code   RO         3280    .ARM.Collect$$rtentry$$00000000  c_w.l(__rtentry.o)
    0x08000168   0x08000168   0x00000000   Code   RO         3282    .ARM.Collect$$rtentry$$00000002  c_w.l(__rtentry2.o)
    0x08000168   0x08000168   0x00000006   Code   RO         3294    .ARM.Collect$$rtentry$$00000004  c_w.l(__rtentry4.o)
    0x0800016e   0x0800016e   0x00000000   Code   RO         3284    .ARM.Collect$$rtentry$$00000009  c_w.l(__rtentry2.o)
    0x0800016e   0x0800016e   0x00000004   Code   RO         3285    .ARM.Collect$$rtentry$$0000000A  c_w.l(__rtentry2.o)
    0x08000172   0x08000172   0x00000000   Code   RO         3287    .ARM.Collect$$rtentry$$0000000C  c_w.l(__rtentry2.o)
    0x08000172   0x08000172   0x00000008   Code   RO         3288    .ARM.Collect$$rtentry$$0000000D  c_w.l(__rtentry2.o)
    0x0800017a   0x0800017a   0x00000002   Code   RO         3309    .ARM.Collect$$rtexit$$00000000  c_w.l(rtexit.o)
    0x0800017c   0x0800017c   0x00000000   Code   RO         3357    .ARM.Collect$$rtexit$$00000002  c_w.l(rtexit2.o)
    0x0800017c   0x0800017c   0x00000004   Code   RO         3358    .ARM.Collect$$rtexit$$00000003  c_w.l(rtexit2.o)
    0x08000180   0x08000180   0x00000006   Code   RO         3359    .ARM.Collect$$rtexit$$00000004  c_w.l(rtexit2.o)
    0x08000186   0x08000186   0x00000002   PAD
    0x08000188   0x08000188   0x00000040   Code   RO         2492    .text               startup_stm32f103xb.o
    0x080001c8   0x080001c8   0x0000004e   Code   RO         3274    .text               c_w.l(rt_memclr_w.o)
    0x08000216   0x08000216   0x00000006   Code   RO         3276    .text               c_w.l(heapauxi.o)
    0x0800021c   0x0800021c   0x0000004a   Code   RO         3296    .text               c_w.l(sys_stackheap_outer.o)
    0x08000266   0x08000266   0x00000012   Code   RO         3298    .text               c_w.l(exit.o)
    0x08000278   0x08000278   0x00000008   Code   RO         3306    .text               c_w.l(libspace.o)
    0x08000280   0x08000280   0x0000000c   Code   RO         3367    .text               c_w.l(sys_exit.o)
    0x0800028c   0x0800028c   0x00000002   Code   RO         3378    .text               c_w.l(use_no_semi.o)
    0x0800028e   0x0800028e   0x00000000   Code   RO         3380    .text               c_w.l(indicate_semi.o)
    0x0800028e   0x0800028e   0x00000002   Code   RO         2977    i.ASW_Init          ostask_cfg.o
    0x08000290   0x08000290   0x0000002c   Code   RO         3246    i.Asw_Callback_Receive_Uart1  app_boot.o
    0x080002bc   0x080002bc   0x00000010   Code   RO         2978    i.BSW_Init          ostask_cfg.o
    0x080002cc   0x080002cc   0x00000004   Code   RO         2652    i.BusFault_Handler  stm32f1xx_it.o
    0x080002d0   0x080002d0   0x00000010   Code   RO         2653    i.DMA1_Channel6_IRQHandler  stm32f1xx_it.o
    0x080002e0   0x080002e0   0x00000010   Code   RO         2654    i.DMA1_Channel7_IRQHandler  stm32f1xx_it.o
    0x080002f0   0x080002f0   0x0000002c   Code   RO          387    i.DMA_SetConfig     stm32f1xx_hal_dma.o
    0x0800031c   0x0800031c   0x00000002   Code   RO         2655    i.DebugMon_Handler  stm32f1xx_it.o
    0x0800031e   0x0800031e   0x0000000c   Code   RO         3104    i.DioIf_Init        dio_userif.o
    0x0800032a   0x0800032a   0x00000002   PAD
    0x0800032c   0x0800032c   0x00000044   Code   RO         3106    i.DioIf_TogglePin   dio_userif.o
    0x08000370   0x08000370   0x00000068   Code   RO         3107    i.DioIf_WritePin    dio_userif.o
    0x080003d8   0x080003d8   0x00000006   Code   RO         2574    i.Error_Handler     main.o
    0x080003de   0x080003de   0x00000002   Code   RO         3148    i.FlsIf_Init        flash_userif.o
    0x080003e0   0x080003e0   0x00000056   Code   RO          388    i.HAL_DMA_Abort     stm32f1xx_hal_dma.o
    0x08000436   0x08000436   0x00000002   PAD
    0x08000438   0x08000438   0x000000b0   Code   RO          389    i.HAL_DMA_Abort_IT  stm32f1xx_hal_dma.o
    0x080004e8   0x080004e8   0x0000019c   Code   RO          393    i.HAL_DMA_IRQHandler  stm32f1xx_hal_dma.o
    0x08000684   0x08000684   0x00000068   Code   RO          394    i.HAL_DMA_Init      stm32f1xx_hal_dma.o
    0x080006ec   0x080006ec   0x0000009c   Code   RO          398    i.HAL_DMA_Start_IT  stm32f1xx_hal_dma.o
    0x08000788   0x08000788   0x00000320   Code   RO          766    i.HAL_GPIO_Init     stm32f1xx_hal_gpio.o
    0x08000aa8   0x08000aa8   0x00000014   Code   RO          769    i.HAL_GPIO_TogglePin  stm32f1xx_hal_gpio.o
    0x08000abc   0x08000abc   0x0000000c   Code   RO          770    i.HAL_GPIO_WritePin  stm32f1xx_hal_gpio.o
    0x08000ac8   0x08000ac8   0x0000000c   Code   RO           15    i.HAL_GetTick       stm32f1xx_hal.o
    0x08000ad4   0x08000ad4   0x00000018   Code   RO           21    i.HAL_IncTick       stm32f1xx_hal.o
    0x08000aec   0x08000aec   0x00000028   Code   RO           22    i.HAL_Init          stm32f1xx_hal.o
    0x08000b14   0x08000b14   0x000000b4   Code   RO         2882    i.HAL_InitTick      stm32f1xx_hal_timebase_tim.o
    0x08000bc8   0x08000bc8   0x00000054   Code   RO         2628    i.HAL_MspInit       stm32f1xx_hal_msp.o
    0x08000c1c   0x08000c1c   0x00000020   Code   RO          263    i.HAL_NVIC_EnableIRQ  stm32f1xx_hal_cortex.o
    0x08000c3c   0x08000c3c   0x0000007c   Code   RO          269    i.HAL_NVIC_SetPriority  stm32f1xx_hal_cortex.o
    0x08000cb8   0x08000cb8   0x00000028   Code   RO          270    i.HAL_NVIC_SetPriorityGrouping  stm32f1xx_hal_cortex.o
    0x08000ce0   0x08000ce0   0x0000018c   Code   RO          991    i.HAL_RCC_ClockConfig  stm32f1xx_hal_rcc.o
    0x08000e6c   0x08000e6c   0x00000044   Code   RO          995    i.HAL_RCC_GetClockConfig  stm32f1xx_hal_rcc.o
    0x08000eb0   0x08000eb0   0x0000000c   Code   RO          996    i.HAL_RCC_GetHCLKFreq  stm32f1xx_hal_rcc.o
    0x08000ebc   0x08000ebc   0x00000020   Code   RO          998    i.HAL_RCC_GetPCLK1Freq  stm32f1xx_hal_rcc.o
    0x08000edc   0x08000edc   0x00000020   Code   RO          999    i.HAL_RCC_GetPCLK2Freq  stm32f1xx_hal_rcc.o
    0x08000efc   0x08000efc   0x00000070   Code   RO         1000    i.HAL_RCC_GetSysClockFreq  stm32f1xx_hal_rcc.o
    0x08000f6c   0x08000f6c   0x00000464   Code   RO         1003    i.HAL_RCC_OscConfig  stm32f1xx_hal_rcc.o
    0x080013d0   0x080013d0   0x00000002   Code   RO         1852    i.HAL_TIMEx_BreakCallback  stm32f1xx_hal_tim_ex.o
    0x080013d2   0x080013d2   0x00000002   Code   RO         1853    i.HAL_TIMEx_CommutCallback  stm32f1xx_hal_tim_ex.o
    0x080013d4   0x080013d4   0x00000084   Code   RO         1871    i.HAL_TIMEx_MasterConfigSynchronization  stm32f1xx_hal_tim_ex.o
    0x08001458   0x08001458   0x00000066   Code   RO         1137    i.HAL_TIM_Base_Init  stm32f1xx_hal_tim.o
    0x080014be   0x080014be   0x00000002   PAD
    0x080014c0   0x080014c0   0x00000044   Code   RO         2799    i.HAL_TIM_Base_MspInit  tim.o
    0x08001504   0x08001504   0x00000078   Code   RO         1142    i.HAL_TIM_Base_Start_IT  stm32f1xx_hal_tim.o
    0x0800157c   0x0800157c   0x0000010c   Code   RO         1146    i.HAL_TIM_ConfigClockSource  stm32f1xx_hal_tim.o
    0x08001688   0x08001688   0x00000002   Code   RO         1171    i.HAL_TIM_IC_CaptureCallback  stm32f1xx_hal_tim.o
    0x0800168a   0x0800168a   0x0000016c   Code   RO         1185    i.HAL_TIM_IRQHandler  stm32f1xx_hal_tim.o
    0x080017f6   0x080017f6   0x00000002   Code   RO         1188    i.HAL_TIM_OC_DelayElapsedCallback  stm32f1xx_hal_tim.o
    0x080017f8   0x080017f8   0x00000002   Code   RO         1215    i.HAL_TIM_PWM_PulseFinishedCallback  stm32f1xx_hal_tim.o
    0x080017fa   0x080017fa   0x00000002   PAD
    0x080017fc   0x080017fc   0x00000018   Code   RO         2575    i.HAL_TIM_PeriodElapsedCallback  main.o
    0x08001814   0x08001814   0x00000002   Code   RO         1228    i.HAL_TIM_TriggerCallback  stm32f1xx_hal_tim.o
    0x08001816   0x08001816   0x00000002   Code   RO         2131    i.HAL_UARTEx_RxEventCallback  stm32f1xx_hal_uart.o
    0x08001818   0x08001818   0x0000008a   Code   RO         2143    i.HAL_UART_DMAStop  stm32f1xx_hal_uart.o
    0x080018a2   0x080018a2   0x00000002   Code   RO         2145    i.HAL_UART_ErrorCallback  stm32f1xx_hal_uart.o
    0x080018a4   0x080018a4   0x000002e4   Code   RO         2148    i.HAL_UART_IRQHandler  stm32f1xx_hal_uart.o
    0x08001b88   0x08001b88   0x00000076   Code   RO         2149    i.HAL_UART_Init     stm32f1xx_hal_uart.o
    0x08001bfe   0x08001bfe   0x00000002   PAD
    0x08001c00   0x08001c00   0x00000108   Code   RO         2841    i.HAL_UART_MspInit  usart.o
    0x08001d08   0x08001d08   0x0000002c   Code   RO         2153    i.HAL_UART_Receive_DMA  stm32f1xx_hal_uart.o
    0x08001d34   0x08001d34   0x00000002   Code   RO         2155    i.HAL_UART_RxCpltCallback  stm32f1xx_hal_uart.o
    0x08001d36   0x08001d36   0x00000002   Code   RO         2156    i.HAL_UART_RxHalfCpltCallback  stm32f1xx_hal_uart.o
    0x08001d38   0x08001d38   0x0000008c   Code   RO         2158    i.HAL_UART_Transmit_DMA  stm32f1xx_hal_uart.o
    0x08001dc4   0x08001dc4   0x00000002   Code   RO         2160    i.HAL_UART_TxCpltCallback  stm32f1xx_hal_uart.o
    0x08001dc6   0x08001dc6   0x00000002   Code   RO         2161    i.HAL_UART_TxHalfCpltCallback  stm32f1xx_hal_uart.o
    0x08001dc8   0x08001dc8   0x00000004   Code   RO         2656    i.HardFault_Handler  stm32f1xx_it.o
    0x08001dcc   0x08001dcc   0x00000044   Code   RO         2517    i.MX_DMA_Init       dma.o
    0x08001e10   0x08001e10   0x00000090   Code   RO         2547    i.MX_GPIO_Init      gpio.o
    0x08001ea0   0x08001ea0   0x0000006c   Code   RO         2800    i.MX_TIM4_Init      tim.o
    0x08001f0c   0x08001f0c   0x00000038   Code   RO         2842    i.MX_USART2_UART_Init  usart.o
    0x08001f44   0x08001f44   0x00000004   Code   RO         2657    i.MemManage_Handler  stm32f1xx_it.o
    0x08001f48   0x08001f48   0x00000004   Code   RO         2658    i.NMI_Handler       stm32f1xx_it.o
    0x08001f4c   0x08001f4c   0x0000000c   Code   RO         2921    i.OSTask_Main       ostask.o
    0x08001f58   0x08001f58   0x00000038   Code   RO         2922    i.OsTask_Init       ostask.o
    0x08001f90   0x08001f90   0x0000003c   Code   RO         2923    i.OsTask_Schedule   ostask.o
    0x08001fcc   0x08001fcc   0x0000006c   Code   RO         2924    i.OsTick_1ms_ISR    ostask.o
    0x08002038   0x08002038   0x00000002   Code   RO         3063    i.OsTimer_Init      ostimer.o
    0x0800203a   0x0800203a   0x00000002   PAD
    0x0800203c   0x0800203c   0x00000010   Code   RO         3064    i.OsTimer_Start     ostimer.o
    0x0800204c   0x0800204c   0x00000002   Code   RO         2659    i.PendSV_Handler    stm32f1xx_it.o
    0x0800204e   0x0800204e   0x00000002   PAD
    0x08002050   0x08002050   0x00000028   Code   RO         1004    i.RCC_Delay         stm32f1xx_hal_rcc.o
    0x08002078   0x08002078   0x00000002   Code   RO         2660    i.SVC_Handler       stm32f1xx_it.o
    0x0800207a   0x0800207a   0x00000014   Code   RO         2925    i.StartOS           ostask.o
    0x0800208e   0x0800208e   0x00000002   Code   RO         2661    i.SysTick_Handler   stm32f1xx_it.o
    0x08002090   0x08002090   0x00000066   Code   RO         2576    i.SystemClock_Config  main.o
    0x080020f6   0x080020f6   0x00000002   Code   RO         2762    i.SystemInit        system_stm32f1xx.o
    0x080020f8   0x080020f8   0x00000010   Code   RO         2662    i.TIM3_IRQHandler   stm32f1xx_it.o
    0x08002108   0x08002108   0x00000014   Code   RO         2663    i.TIM4_IRQHandler   stm32f1xx_it.o
    0x0800211c   0x0800211c   0x00000084   Code   RO         1230    i.TIM_Base_SetConfig  stm32f1xx_hal_tim.o
    0x080021a0   0x080021a0   0x00000016   Code   RO         1241    i.TIM_ETR_SetConfig  stm32f1xx_hal_tim.o
    0x080021b6   0x080021b6   0x00000012   Code   RO         1242    i.TIM_ITRx_SetConfig  stm32f1xx_hal_tim.o
    0x080021c8   0x080021c8   0x00000026   Code   RO         1248    i.TIM_TI1_ConfigInputStage  stm32f1xx_hal_tim.o
    0x080021ee   0x080021ee   0x00000028   Code   RO         1250    i.TIM_TI2_ConfigInputStage  stm32f1xx_hal_tim.o
    0x08002216   0x08002216   0x00000002   PAD
    0x08002218   0x08002218   0x00000010   Code   RO         2979    i.Task_BSW_1000ms   ostask_cfg.o
    0x08002228   0x08002228   0x00000002   Code   RO         2980    i.Task_BSW_100ms    ostask_cfg.o
    0x0800222a   0x0800222a   0x00000002   Code   RO         2981    i.Task_BSW_10ms     ostask_cfg.o
    0x0800222c   0x0800222c   0x00000008   Code   RO         2982    i.Task_BSW_1ms      ostask_cfg.o
    0x08002234   0x08002234   0x00000002   Code   RO         2983    i.Task_BSW_20ms     ostask_cfg.o
    0x08002236   0x08002236   0x0000000a   Code   RO         2984    i.Task_BSW_500ms    ostask_cfg.o
    0x08002240   0x08002240   0x00000002   Code   RO         2985    i.Task_BSW_50ms     ostask_cfg.o
    0x08002242   0x08002242   0x00000008   Code   RO         2986    i.Task_BSW_5ms      ostask_cfg.o
    0x0800224a   0x0800224a   0x00000014   Code   RO         2162    i.UART_DMAAbortOnError  stm32f1xx_hal_uart.o
    0x0800225e   0x0800225e   0x00000050   Code   RO         2163    i.UART_DMAError     stm32f1xx_hal_uart.o
    0x080022ae   0x080022ae   0x000000b4   Code   RO         2164    i.UART_DMAReceiveCplt  stm32f1xx_hal_uart.o
    0x08002362   0x08002362   0x00000024   Code   RO         2166    i.UART_DMARxHalfCplt  stm32f1xx_hal_uart.o
    0x08002386   0x08002386   0x00000058   Code   RO         2168    i.UART_DMATransmitCplt  stm32f1xx_hal_uart.o
    0x080023de   0x080023de   0x0000000e   Code   RO         2170    i.UART_DMATxHalfCplt  stm32f1xx_hal_uart.o
    0x080023ec   0x080023ec   0x0000006c   Code   RO         2172    i.UART_EndRxTransfer  stm32f1xx_hal_uart.o
    0x08002458   0x08002458   0x00000020   Code   RO         2173    i.UART_EndTransmit_IT  stm32f1xx_hal_uart.o
    0x08002478   0x08002478   0x00000026   Code   RO         2174    i.UART_EndTxTransfer  stm32f1xx_hal_uart.o
    0x0800249e   0x0800249e   0x000000fc   Code   RO         2175    i.UART_Receive_IT   stm32f1xx_hal_uart.o
    0x0800259a   0x0800259a   0x00000002   PAD
    0x0800259c   0x0800259c   0x000000fc   Code   RO         2176    i.UART_SetConfig    stm32f1xx_hal_uart.o
    0x08002698   0x08002698   0x000000c8   Code   RO         2177    i.UART_Start_Receive_DMA  stm32f1xx_hal_uart.o
    0x08002760   0x08002760   0x00000060   Code   RO         2179    i.UART_Transmit_IT  stm32f1xx_hal_uart.o
    0x080027c0   0x080027c0   0x00000014   Code   RO         2664    i.USART2_IRQHandler  stm32f1xx_it.o
    0x080027d4   0x080027d4   0x00000098   Code   RO         3172    i.UartCallback_USART_BOOT_IRQHandler  uart_userif.o
    0x0800286c   0x0800286c   0x00000044   Code   RO         3173    i.UartIf_Init       uart_userif.o
    0x080028b0   0x080028b0   0x000000b4   Code   RO         3174    i.UartIf_MainFunction_Rx  uart_userif.o
    0x08002964   0x08002964   0x000000bc   Code   RO         3175    i.UartIf_MainFunction_Tx  uart_userif.o
    0x08002a20   0x08002a20   0x00000020   Code   RO         3176    i.UartIf_Sequence_GetIdleIndex_Rx  uart_userif.o
    0x08002a40   0x08002a40   0x0000003c   Code   RO         3177    i.UartIf_Sequence_GetIdleIndex_Tx  uart_userif.o
    0x08002a7c   0x08002a7c   0x00000040   Code   RO         3178    i.UartIf_Sequence_GetReadyIndex_Tx  uart_userif.o
    0x08002abc   0x08002abc   0x000000fc   Code   RO         3179    i.UartIf_Sequence_Transmit  uart_userif.o
    0x08002bb8   0x08002bb8   0x00000088   Code   RO         3180    i.Uart_Sequence_Init  uart_userif.o
    0x08002c40   0x08002c40   0x00000004   Code   RO         2665    i.UsageFault_Handler  stm32f1xx_it.o
    0x08002c44   0x08002c44   0x00000010   Code   RO          276    i.__NVIC_GetPriorityGrouping  stm32f1xx_hal_cortex.o
    0x08002c54   0x08002c54   0x00000028   Code   RO          277    i.__NVIC_SetPriority  stm32f1xx_hal_cortex.o
    0x08002c7c   0x08002c7c   0x00000048   Code   RO         2496    i.fast_memcpy       userpublic.o
    0x08002cc4   0x08002cc4   0x00000020   Code   RO         2577    i.main              main.o
    0x08002ce4   0x08002ce4   0x00000012   Data   RO         1005    .constdata          stm32f1xx_hal_rcc.o
    0x08002cf6   0x08002cf6   0x00000018   Data   RO         2763    .constdata          system_stm32f1xx.o
    0x08002d0e   0x08002d0e   0x00000002   PAD
    0x08002d10   0x08002d10   0x00000080   Data   RO         2988    .constdata          ostask_cfg.o
    0x08002d90   0x08002d90   0x0000000c   Data   RO         3108    .constdata          dio_userif.o
    0x08002d9c   0x08002d9c   0x00000020   Data   RO         3433    Region$$Table       anon$$obj.o


    Execution Region RW_IRAM1 (Exec base: 0x20000000, Load base: 0x08002dbc, Size: 0x00000cf0, Max: 0x00005000, ABSOLUTE)

    Exec Addr    Load Addr    Size         Type   Attr      Idx    E Section Name        Object

    0x20000000   0x08002dbc   0x00000009   Data   RW           29    .data               stm32f1xx_hal.o
    0x20000009   0x08002dc5   0x00000003   PAD
    0x2000000c   0x08002dc8   0x00000004   Data   RW         2764    .data               system_stm32f1xx.o
    0x20000010   0x08002dcc   0x00000004   Data   RW         2926    .data               ostask.o
    0x20000014   0x08002dd0   0x00000010   Data   RW         2989    .data               ostask_cfg.o
    0x20000024   0x08002de0   0x00000007   Data   RW         3182    .data               uart_userif.o
    0x2000002b   0x08002de7   0x00000001   PAD
    0x2000002c        -       0x00000048   Zero   RW         2801    .bss                tim.o
    0x20000074        -       0x000000d0   Zero   RW         2843    .bss                usart.o
    0x20000144        -       0x00000048   Zero   RW         2885    .bss                stm32f1xx_hal_timebase_tim.o
    0x2000018c        -       0x00000040   Zero   RW         2987    .bss                ostask_cfg.o
    0x200001cc        -       0x00000480   Zero   RW         3181    .bss                uart_userif.o
    0x2000064c        -       0x00000040   Zero   RW         3247    .bss                app_boot.o
    0x2000068c        -       0x00000060   Zero   RW         3307    .bss                c_w.l(libspace.o)
    0x200006ec   0x08002de7   0x00000004   PAD
    0x200006f0        -       0x00000200   Zero   RW         2490    HEAP                startup_stm32f103xb.o
    0x200008f0        -       0x00000400   Zero   RW         2489    STACK               startup_stm32f103xb.o


==============================================================================

Image component sizes


      Code (inc. data)   RO Data    RW Data    ZI Data      Debug   Object Name

        44          6          0          0         64       1562   app_boot.o
       184          8         12          0          0       2820   dio_userif.o
        68          4          0          0          0       1138   dma.o
         2          0          0          0          0        529   flash_userif.o
       144          8          0          0          0       1287   gpio.o
       164          6          0          0          0       3136   main.o
       256         22          0          4          0       2982   ostask.o
        68          4        128         16         64       7637   ostask_cfg.o
        18          6          0          0          0       1043   ostimer.o
        64         26        236          0       1536        904   startup_stm32f103xb.o
        76         20          0          9          0     431406   stm32f1xx_hal.o
       252         22          0          0          0      29098   stm32f1xx_hal_cortex.o
       978         12          0          0          0       5478   stm32f1xx_hal_dma.o
       832         34          0          0          0       3697   stm32f1xx_hal_gpio.o
        84          8          0          0          0       1278   stm32f1xx_hal_msp.o
      1816        108         18          0          0       7341   stm32f1xx_hal_rcc.o
      1112         26          0          0          0      10479   stm32f1xx_hal_tim.o
       136         14          0          0          0       2825   stm32f1xx_hal_tim_ex.o
       180         22          0          0         72       1919   stm32f1xx_hal_timebase_tim.o
      2588         34          0          0          0      19303   stm32f1xx_hal_uart.o
       116         30          0          0          0       8748   stm32f1xx_it.o
         2          0         24          4          0       1591   system_stm32f1xx.o
       176         18          0          0         72       2234   tim.o
      1132        144          0          7       1152       7676   uart_userif.o
       320         36          0          0        208       2432   usart.o
        72          0          0          0          0       2474   userpublic.o

    ----------------------------------------------------------------------
     10902        618        452         44       3168     561017   Object Totals
         0          0         32          0          0          0   (incl. Generated)
        18          0          2          4          0          0   (incl. Padding)

    ----------------------------------------------------------------------

      Code (inc. data)   RO Data    RW Data    ZI Data      Debug   Library Member Name

         8          0          0          0          0         68   __main.o
         0          0          0          0          0          0   __rtentry.o
        12          0          0          0          0          0   __rtentry2.o
         6          0          0          0          0          0   __rtentry4.o
        52          8          0          0          0          0   __scatter.o
        26          0          0          0          0          0   __scatter_copy.o
        28          0          0          0          0          0   __scatter_zi.o
        18          0          0          0          0         80   exit.o
         6          0          0          0          0        152   heapauxi.o
         0          0          0          0          0          0   indicate_semi.o
         2          0          0          0          0          0   libinit.o
         2          0          0          0          0          0   libinit2.o
         2          0          0          0          0          0   libshutdown.o
         2          0          0          0          0          0   libshutdown2.o
         8          4          0          0         96         68   libspace.o
        78          0          0          0          0         80   rt_memclr_w.o
         2          0          0          0          0          0   rtexit.o
        10          0          0          0          0          0   rtexit2.o
        12          4          0          0          0         68   sys_exit.o
        74          0          0          0          0         80   sys_stackheap_outer.o
         2          0          0          0          0         68   use_no_semi.o

    ----------------------------------------------------------------------
       354         16          0          0        100        664   Library Totals
         4          0          0          0          4          0   (incl. Padding)

    ----------------------------------------------------------------------

      Code (inc. data)   RO Data    RW Data    ZI Data      Debug   Library Name

       350         16          0          0         96        664   c_w.l

    ----------------------------------------------------------------------
       354         16          0          0        100        664   Library Totals

    ----------------------------------------------------------------------

==============================================================================


      Code (inc. data)   RO Data    RW Data    ZI Data      Debug   

     11256        634        452         44       3268     555281   Grand Totals
     11256        634        452         44       3268     555281   ELF Image Totals
     11256        634        452         44          0          0   ROM Totals

==============================================================================

    Total RO  Size (Code + RO Data)                11708 (  11.43kB)
    Total RW  Size (RW Data + ZI Data)              3312 (   3.23kB)
    Total ROM Size (Code + RO Data + RW Data)      11752 (  11.48kB)

==============================================================================

